Archive member included to satisfy reference by file (symbol)

c:/st/stm32cubeide_1.6.0/stm32cubeide/plugins/com.st.stm32cube.ide.mcu.externaltools.gnu-tools-for-stm32.9-2020-q2-update.win32_1.5.0.202011040924/tools/bin/../lib/gcc/arm-none-eabi/9.3.1/../../../../arm-none-eabi/lib/thumb/v7e-m+fp/hard\libc_nano.a(lib_a-errno.o)
                              Core/Src/syscalls.o (__errno)
c:/st/stm32cubeide_1.6.0/stm32cubeide/plugins/com.st.stm32cube.ide.mcu.externaltools.gnu-tools-for-stm32.9-2020-q2-update.win32_1.5.0.202011040924/tools/bin/../lib/gcc/arm-none-eabi/9.3.1/../../../../arm-none-eabi/lib/thumb/v7e-m+fp/hard\libc_nano.a(lib_a-exit.o)
                              c:/st/stm32cubeide_1.6.0/stm32cubeide/plugins/com.st.stm32cube.ide.mcu.externaltools.gnu-tools-for-stm32.9-2020-q2-update.win32_1.5.0.202011040924/tools/bin/../lib/gcc/arm-none-eabi/9.3.1/../../../../arm-none-eabi/lib/thumb/v7e-m+fp/hard/crt0.o (exit)
c:/st/stm32cubeide_1.6.0/stm32cubeide/plugins/com.st.stm32cube.ide.mcu.externaltools.gnu-tools-for-stm32.9-2020-q2-update.win32_1.5.0.202011040924/tools/bin/../lib/gcc/arm-none-eabi/9.3.1/../../../../arm-none-eabi/lib/thumb/v7e-m+fp/hard\libc_nano.a(lib_a-impure.o)
                              c:/st/stm32cubeide_1.6.0/stm32cubeide/plugins/com.st.stm32cube.ide.mcu.externaltools.gnu-tools-for-stm32.9-2020-q2-update.win32_1.5.0.202011040924/tools/bin/../lib/gcc/arm-none-eabi/9.3.1/../../../../arm-none-eabi/lib/thumb/v7e-m+fp/hard\libc_nano.a(lib_a-exit.o) (_global_impure_ptr)
c:/st/stm32cubeide_1.6.0/stm32cubeide/plugins/com.st.stm32cube.ide.mcu.externaltools.gnu-tools-for-stm32.9-2020-q2-update.win32_1.5.0.202011040924/tools/bin/../lib/gcc/arm-none-eabi/9.3.1/../../../../arm-none-eabi/lib/thumb/v7e-m+fp/hard\libc_nano.a(lib_a-init.o)
                              c:/st/stm32cubeide_1.6.0/stm32cubeide/plugins/com.st.stm32cube.ide.mcu.externaltools.gnu-tools-for-stm32.9-2020-q2-update.win32_1.5.0.202011040924/tools/bin/../lib/gcc/arm-none-eabi/9.3.1/../../../../arm-none-eabi/lib/thumb/v7e-m+fp/hard/crt0.o (__libc_init_array)
c:/st/stm32cubeide_1.6.0/stm32cubeide/plugins/com.st.stm32cube.ide.mcu.externaltools.gnu-tools-for-stm32.9-2020-q2-update.win32_1.5.0.202011040924/tools/bin/../lib/gcc/arm-none-eabi/9.3.1/../../../../arm-none-eabi/lib/thumb/v7e-m+fp/hard\libc_nano.a(lib_a-memcpy-stub.o)
                              Drivers/BLE/Src/BLE_Services/counter_service.o (memcpy)
c:/st/stm32cubeide_1.6.0/stm32cubeide/plugins/com.st.stm32cube.ide.mcu.externaltools.gnu-tools-for-stm32.9-2020-q2-update.win32_1.5.0.202011040924/tools/bin/../lib/gcc/arm-none-eabi/9.3.1/../../../../arm-none-eabi/lib/thumb/v7e-m+fp/hard\libc_nano.a(lib_a-memset.o)
                              c:/st/stm32cubeide_1.6.0/stm32cubeide/plugins/com.st.stm32cube.ide.mcu.externaltools.gnu-tools-for-stm32.9-2020-q2-update.win32_1.5.0.202011040924/tools/bin/../lib/gcc/arm-none-eabi/9.3.1/../../../../arm-none-eabi/lib/thumb/v7e-m+fp/hard/crt0.o (memset)
c:/st/stm32cubeide_1.6.0/stm32cubeide/plugins/com.st.stm32cube.ide.mcu.externaltools.gnu-tools-for-stm32.9-2020-q2-update.win32_1.5.0.202011040924/tools/bin/../lib/gcc/arm-none-eabi/9.3.1/../../../../arm-none-eabi/lib/thumb/v7e-m+fp/hard\libc_nano.a(lib_a-strlen.o)
                              Drivers/BLE/Src/app_ble.o (strlen)

Allocating common symbols
Common symbol       size              file

hciReadPktPool      0x8               Middlewares/ST/BlueNRG-MS/hci/hci_tl_patterns/Basic/hci_tl.o
uwTick              0x4               Drivers/STM32L4xx_HAL_Driver/Src/stm32l4xx_hal.o
hexti5              0x8               BlueNRG_MS/Target/hci_tl_interface.o
hspi1               0x64              Core/Src/custom_bus.o
service_callbacks   0xdc              Drivers/BLE/Src/services.o
hciReadPktRxQueue   0x8               Middlewares/ST/BlueNRG-MS/hci/hci_tl_patterns/Basic/hci_tl.o

Discarded input sections

 .text          0x0000000000000000        0x0 c:/st/stm32cubeide_1.6.0/stm32cubeide/plugins/com.st.stm32cube.ide.mcu.externaltools.gnu-tools-for-stm32.9-2020-q2-update.win32_1.5.0.202011040924/tools/bin/../lib/gcc/arm-none-eabi/9.3.1/thumb/v7e-m+fp/hard/crti.o
 .data          0x0000000000000000        0x0 c:/st/stm32cubeide_1.6.0/stm32cubeide/plugins/com.st.stm32cube.ide.mcu.externaltools.gnu-tools-for-stm32.9-2020-q2-update.win32_1.5.0.202011040924/tools/bin/../lib/gcc/arm-none-eabi/9.3.1/thumb/v7e-m+fp/hard/crti.o
 .bss           0x0000000000000000        0x0 c:/st/stm32cubeide_1.6.0/stm32cubeide/plugins/com.st.stm32cube.ide.mcu.externaltools.gnu-tools-for-stm32.9-2020-q2-update.win32_1.5.0.202011040924/tools/bin/../lib/gcc/arm-none-eabi/9.3.1/thumb/v7e-m+fp/hard/crti.o
 .data          0x0000000000000000        0x4 c:/st/stm32cubeide_1.6.0/stm32cubeide/plugins/com.st.stm32cube.ide.mcu.externaltools.gnu-tools-for-stm32.9-2020-q2-update.win32_1.5.0.202011040924/tools/bin/../lib/gcc/arm-none-eabi/9.3.1/thumb/v7e-m+fp/hard/crtbegin.o
[...]
Memory Configuration

Name             Origin             Length             Attributes
RAM              0x0000000020000000 0x0000000000018000 xrw
RAM2             0x0000000010000000 0x0000000000008000 xrw
FLASH            0x0000000008000000 0x0000000000100000 xr
*default*        0x0000000000000000 0xffffffffffffffff

Linker script and memory map

LOAD c:/st/stm32cubeide_1.6.0/stm32cubeide/plugins/com.st.stm32cube.ide.mcu.externaltools.gnu-tools-for-stm32.9-2020-q2-update.win32_1.5.0.202011040924/tools/bin/../lib/gcc/arm-none-eabi/9.3.1/thumb/v7e-m+fp/hard/crti.o
LOAD c:/st/stm32cubeide_1.6.0/stm32cubeide/plugins/com.st.stm32cube.ide.mcu.externaltools.gnu-tools-for-stm32.9-2020-q2-update.win32_1.5.0.202011040924/tools/bin/../lib/gcc/arm-none-eabi/9.3.1/thumb/v7e-m+fp/hard/crtbegin.o
LOAD c:/st/stm32cubeide_1.6.0/stm32cubeide/plugins/com.st.stm32cube.ide.mcu.externaltools.gnu-tools-for-stm32.9-2020-q2-update.win32_1.5.0.202011040924/tools/bin/../lib/gcc/arm-none-eabi/9.3.1/../../../../arm-none-eabi/lib/thumb/v7e-m+fp/hard/crt0.o
LOAD BlueNRG_MS/Target/hci_tl_interface.o
LOAD Core/Src/custom_bus.o
LOAD Core/Src/main.o
LOAD Core/Src/stm32l4xx_hal_msp.o
LOAD Core/Src/stm32l4xx_it.o
LOAD Core/Src/syscalls.o
LOAD Core/Src/sysmem.o
LOAD Core/Src/system_stm32l4xx.o
LOAD Core/Startup/startup_stm32l476jgyx.o
LOAD Drivers/BLE/Src/BLE_Services/counter_service.o
LOAD Drivers/BLE/Src/app_ble.o
LOAD Drivers/BLE/Src/callbacks.o
LOAD Drivers/BLE/Src/services.o
LOAD Drivers/STM32L4xx_HAL_Driver/Src/stm32l4xx_hal.o
LOAD Drivers/STM32L4xx_HAL_Driver/Src/stm32l4xx_hal_cortex.o
LOAD Drivers/STM32L4xx_HAL_Driver/Src/stm32l4xx_hal_dma.o
LOAD Drivers/STM32L4xx_HAL_Driver/Src/stm32l4xx_hal_dma_ex.o
LOAD Drivers/STM32L4xx_HAL_Driver/Src/stm32l4xx_hal_exti.o
LOAD Drivers/STM32L4xx_HAL_Driver/Src/stm32l4xx_hal_flash.o
LOAD Drivers/STM32L4xx_HAL_Driver/Src/stm32l4xx_hal_flash_ex.o
LOAD Drivers/STM32L4xx_HAL_Driver/Src/stm32l4xx_hal_flash_ramfunc.o
LOAD Drivers/STM32L4xx_HAL_Driver/Src/stm32l4xx_hal_gpio.o
LOAD Drivers/STM32L4xx_HAL_Driver/Src/stm32l4xx_hal_i2c.o
LOAD Drivers/STM32L4xx_HAL_Driver/Src/stm32l4xx_hal_i2c_ex.o
LOAD Drivers/STM32L4xx_HAL_Driver/Src/stm32l4xx_hal_pwr.o
LOAD Drivers/STM32L4xx_HAL_Driver/Src/stm32l4xx_hal_pwr_ex.o
LOAD Drivers/STM32L4xx_HAL_Driver/Src/stm32l4xx_hal_rcc.o
LOAD Drivers/STM32L4xx_HAL_Driver/Src/stm32l4xx_hal_rcc_ex.o
LOAD Drivers/STM32L4xx_HAL_Driver/Src/stm32l4xx_hal_spi.o
LOAD Drivers/STM32L4xx_HAL_Driver/Src/stm32l4xx_hal_spi_ex.o
LOAD Drivers/STM32L4xx_HAL_Driver/Src/stm32l4xx_hal_tim.o
LOAD Drivers/STM32L4xx_HAL_Driver/Src/stm32l4xx_hal_tim_ex.o
LOAD Middlewares/ST/BlueNRG-MS/hci/controller/bluenrg_gap_aci.o
LOAD Middlewares/ST/BlueNRG-MS/hci/controller/bluenrg_gatt_aci.o
LOAD Middlewares/ST/BlueNRG-MS/hci/controller/bluenrg_hal_aci.o
LOAD Middlewares/ST/BlueNRG-MS/hci/controller/bluenrg_l2cap_aci.o
LOAD Middlewares/ST/BlueNRG-MS/hci/controller/bluenrg_updater_aci.o
LOAD Middlewares/ST/BlueNRG-MS/hci/controller/bluenrg_utils_small.o
LOAD Middlewares/ST/BlueNRG-MS/hci/hci_le.o
LOAD Middlewares/ST/BlueNRG-MS/hci/hci_tl_patterns/Basic/hci_tl.o
LOAD Middlewares/ST/BlueNRG-MS/utils/ble_list.o
START GROUP
LOAD c:/st/stm32cubeide_1.6.0/stm32cubeide/plugins/com.st.stm32cube.ide.mcu.externaltools.gnu-tools-for-stm32.9-2020-q2-update.win32_1.5.0.202011040924/tools/bin/../lib/gcc/arm-none-eabi/9.3.1/../../../../arm-none-eabi/lib/thumb/v7e-m+fp/hard\libc_nano.a
LOAD c:/st/stm32cubeide_1.6.0/stm32cubeide/plugins/com.st.stm32cube.ide.mcu.externaltools.gnu-tools-for-stm32.9-2020-q2-update.win32_1.5.0.202011040924/tools/bin/../lib/gcc/arm-none-eabi/9.3.1/../../../../arm-none-eabi/lib/thumb/v7e-m+fp/hard\libm.a
END GROUP
START GROUP
LOAD c:/st/stm32cubeide_1.6.0/stm32cubeide/plugins/com.st.stm32cube.ide.mcu.externaltools.gnu-tools-for-stm32.9-2020-q2-update.win32_1.5.0.202011040924/tools/bin/../lib/gcc/arm-none-eabi/9.3.1/thumb/v7e-m+fp/hard\libgcc.a
LOAD c:/st/stm32cubeide_1.6.0/stm32cubeide/plugins/com.st.stm32cube.ide.mcu.externaltools.gnu-tools-for-stm32.9-2020-q2-update.win32_1.5.0.202011040924/tools/bin/../lib/gcc/arm-none-eabi/9.3.1/../../../../arm-none-eabi/lib/thumb/v7e-m+fp/hard\libc_nano.a
END GROUP
START GROUP
LOAD c:/st/stm32cubeide_1.6.0/stm32cubeide/plugins/com.st.stm32cube.ide.mcu.externaltools.gnu-tools-for-stm32.9-2020-q2-update.win32_1.5.0.202011040924/tools/bin/../lib/gcc/arm-none-eabi/9.3.1/thumb/v7e-m+fp/hard\libgcc.a
LOAD c:/st/stm32cubeide_1.6.0/stm32cubeide/plugins/com.st.stm32cube.ide.mcu.externaltools.gnu-tools-for-stm32.9-2020-q2-update.win32_1.5.0.202011040924/tools/bin/../lib/gcc/arm-none-eabi/9.3.1/../../../../arm-none-eabi/lib/thumb/v7e-m+fp/hard\libc_nano.a
LOAD c:/st/stm32cubeide_1.6.0/stm32cubeide/plugins/com.st.stm32cube.ide.mcu.externaltools.gnu-tools-for-stm32.9-2020-q2-update.win32_1.5.0.202011040924/tools/bin/../lib/gcc/arm-none-eabi/9.3.1/../../../../arm-none-eabi/lib/thumb/v7e-m+fp/hard\libnosys.a
END GROUP
START GROUP
LOAD c:/st/stm32cubeide_1.6.0/stm32cubeide/plugins/com.st.stm32cube.ide.mcu.externaltools.gnu-tools-for-stm32.9-2020-q2-update.win32_1.5.0.202011040924/tools/bin/../lib/gcc/arm-none-eabi/9.3.1/thumb/v7e-m+fp/hard\libgcc.a
LOAD c:/st/stm32cubeide_1.6.0/stm32cubeide/plugins/com.st.stm32cube.ide.mcu.externaltools.gnu-tools-for-stm32.9-2020-q2-update.win32_1.5.0.202011040924/tools/bin/../lib/gcc/arm-none-eabi/9.3.1/../../../../arm-none-eabi/lib/thumb/v7e-m+fp/hard\libc_nano.a
LOAD c:/st/stm32cubeide_1.6.0/stm32cubeide/plugins/com.st.stm32cube.ide.mcu.externaltools.gnu-tools-for-stm32.9-2020-q2-update.win32_1.5.0.202011040924/tools/bin/../lib/gcc/arm-none-eabi/9.3.1/../../../../arm-none-eabi/lib/thumb/v7e-m+fp/hard\libnosys.a
END GROUP
LOAD c:/st/stm32cubeide_1.6.0/stm32cubeide/plugins/com.st.stm32cube.ide.mcu.externaltools.gnu-tools-for-stm32.9-2020-q2-update.win32_1.5.0.202011040924/tools/bin/../lib/gcc/arm-none-eabi/9.3.1/thumb/v7e-m+fp/hard/crtend.o
LOAD c:/st/stm32cubeide_1.6.0/stm32cubeide/plugins/com.st.stm32cube.ide.mcu.externaltools.gnu-tools-for-stm32.9-2020-q2-update.win32_1.5.0.202011040924/tools/bin/../lib/gcc/arm-none-eabi/9.3.1/thumb/v7e-m+fp/hard/crtn.o
                0x0000000020018000                _estack = (ORIGIN (RAM) + LENGTH (RAM))
                0x0000000000000200                _Min_Heap_Size = 0x200
                0x0000000000000400                _Min_Stack_Size = 0x400

.isr_vector     0x0000000008000000      0x188
                0x0000000008000000                . = ALIGN (0x4)
 *(.isr_vector)
 .isr_vector    0x0000000008000000      0x188 Core/Startup/startup_stm32l476jgyx.o
                0x0000000008000000                g_pfnVectors
                0x0000000008000188                . = ALIGN (0x4)

.text           0x0000000008000188     0x41b4
                0x0000000008000188                . = ALIGN (0x4)
 *(.text)
 .text          0x0000000008000188       0x40 c:/st/stm32cubeide_1.6.0/stm32cubeide/plugins/com.st.stm32cube.ide.mcu.externaltools.gnu-tools-for-stm32.9-2020-q2-update.win32_1.5.0.202011040924/tools/bin/../lib/gcc/arm-none-eabi/9.3.1/thumb/v7e-m+fp/hard/crtbegin.o
 .text          0x00000000080001c8       0x10 c:/st/stm32cubeide_1.6.0/stm32cubeide/plugins/com.st.stm32cube.ide.mcu.externaltools.gnu-tools-for-stm32.9-2020-q2-update.win32_1.5.0.202011040924/tools/bin/../lib/gcc/arm-none-eabi/9.3.1/../../../../arm-none-eabi/lib/thumb/v7e-m+fp/hard\libc_nano.a(lib_a-strlen.o)
                0x00000000080001c8                strlen
 *(.text*)
 .text.HCI_TL_SPI_Init
                0x00000000080001d8       0x94 BlueNRG_MS/Target/hci_tl_interface.o
                0x00000000080001d8                HCI_TL_SPI_Init
 .text.HCI_TL_SPI_DeInit
                0x000000000800026c       0x30 BlueNRG_MS/Target/hci_tl_interface.o
                0x000000000800026c                HCI_TL_SPI_DeInit
 .text.HCI_TL_SPI_Reset
                0x000000000800029c       0x3c BlueNRG_MS/Target/hci_tl_interface.o
                0x000000000800029c                HCI_TL_SPI_Reset
 .text.HCI_TL_SPI_Receive
                0x00000000080002d8       0xb4 BlueNRG_MS/Target/hci_tl_interface.o
                0x00000000080002d8                HCI_TL_SPI_Receive
 .text.HCI_TL_SPI_Send
                0x000000000800038c       0xa8 BlueNRG_MS/Target/hci_tl_interface.o
                0x000000000800038c                HCI_TL_SPI_Send
 .text.IsDataAvailable
                0x0000000008000434       0x20 BlueNRG_MS/Target/hci_tl_interface.o
 .text.hci_tl_lowlevel_init
                0x0000000008000454       0x74 BlueNRG_MS/Target/hci_tl_interface.o
                0x0000000008000454                hci_tl_lowlevel_init
 .text.hci_tl_lowlevel_isr
                0x00000000080004c8       0x22 BlueNRG_MS/Target/hci_tl_interface.o
                0x00000000080004c8                hci_tl_lowlevel_isr
 *fill*         0x00000000080004ea        0x2 
 .text.BSP_SPI1_Init
                0x00000000080004ec       0x60 Core/Src/custom_bus.o
                0x00000000080004ec                BSP_SPI1_Init
 .text.BSP_SPI1_SendRecv
                0x000000000800054c       0x40 Core/Src/custom_bus.o
                0x000000000800054c                BSP_SPI1_SendRecv
 .text.BSP_GetTick
                0x000000000800058c        0xe Core/Src/custom_bus.o
                0x000000000800058c                BSP_GetTick
 *fill*         0x000000000800059a        0x2 
 .text.MX_SPI1_Init
                0x000000000800059c       0x84 Core/Src/custom_bus.o
                0x000000000800059c                MX_SPI1_Init
 .text.SPI1_MspInit
                0x0000000008000620       0xac Core/Src/custom_bus.o
 .text.main     0x00000000080006cc       0x64 Core/Src/main.o
                0x00000000080006cc                main
 .text.SystemClock_Config
                0x0000000008000730       0xa4 Core/Src/main.o
                0x0000000008000730                SystemClock_Config
 .text.MX_GPIO_Init
                0x00000000080007d4      0x150 Core/Src/main.o
 .text.check_ble_ret_val
                0x0000000008000924       0x1e Core/Src/main.o
                0x0000000008000924                check_ble_ret_val
 .text.Error_Handler
                0x0000000008000942        0xa Core/Src/main.o
                0x0000000008000942                Error_Handler
 .text.HAL_MspInit
                0x000000000800094c       0x48 Core/Src/stm32l4xx_hal_msp.o
                0x000000000800094c                HAL_MspInit
 .text.NMI_Handler
                0x0000000008000994        0x6 Core/Src/stm32l4xx_it.o
                0x0000000008000994                NMI_Handler
 .text.HardFault_Handler
                0x000000000800099a        0x6 Core/Src/stm32l4xx_it.o
                0x000000000800099a                HardFault_Handler
 .text.MemManage_Handler
                0x00000000080009a0        0x6 Core/Src/stm32l4xx_it.o
                0x00000000080009a0                MemManage_Handler
 .text.BusFault_Handler
                0x00000000080009a6        0x6 Core/Src/stm32l4xx_it.o
                0x00000000080009a6                BusFault_Handler
 .text.UsageFault_Handler
                0x00000000080009ac        0x6 Core/Src/stm32l4xx_it.o
                0x00000000080009ac                UsageFault_Handler
 .text.SVC_Handler
                0x00000000080009b2        0xe Core/Src/stm32l4xx_it.o
                0x00000000080009b2                SVC_Handler
 .text.DebugMon_Handler
                0x00000000080009c0        0xe Core/Src/stm32l4xx_it.o
                0x00000000080009c0                DebugMon_Handler
 .text.PendSV_Handler
                0x00000000080009ce        0xe Core/Src/stm32l4xx_it.o
                0x00000000080009ce                PendSV_Handler
 .text.SysTick_Handler
                0x00000000080009dc        0xc Core/Src/stm32l4xx_it.o
                0x00000000080009dc                SysTick_Handler
 .text.EXTI9_5_IRQHandler
                0x00000000080009e8       0x14 Core/Src/stm32l4xx_it.o
                0x00000000080009e8                EXTI9_5_IRQHandler
 .text.SystemInit
                0x00000000080009fc       0x64 Core/Src/system_stm32l4xx.o
                0x00000000080009fc                SystemInit
 .text.Reset_Handler
                0x0000000008000a60       0x50 Core/Startup/startup_stm32l476jgyx.o
                0x0000000008000a60                Reset_Handler
 .text.Default_Handler
                0x0000000008000ab0        0x2 Core/Startup/startup_stm32l476jgyx.o
                0x0000000008000ab0                RTC_Alarm_IRQHandler
                0x0000000008000ab0                EXTI2_IRQHandler
                0x0000000008000ab0                TIM8_TRG_COM_IRQHandler
                0x0000000008000ab0                TIM8_CC_IRQHandler
                0x0000000008000ab0                TIM1_CC_IRQHandler
                0x0000000008000ab0                TSC_IRQHandler
                0x0000000008000ab0                TAMP_STAMP_IRQHandler
                0x0000000008000ab0                EXTI3_IRQHandler
                0x0000000008000ab0                LPTIM2_IRQHandler
                0x0000000008000ab0                DFSDM1_FLT1_IRQHandler
                0x0000000008000ab0                I2C3_ER_IRQHandler
                0x0000000008000ab0                DFSDM1_FLT2_IRQHandler
                0x0000000008000ab0                EXTI0_IRQHandler
                0x0000000008000ab0                I2C2_EV_IRQHandler
                0x0000000008000ab0                CAN1_RX0_IRQHandler
                0x0000000008000ab0                FPU_IRQHandler
                0x0000000008000ab0                TIM1_UP_TIM16_IRQHandler
                0x0000000008000ab0                ADC1_2_IRQHandler
                0x0000000008000ab0                SPI1_IRQHandler
                0x0000000008000ab0                TIM6_DAC_IRQHandler
                0x0000000008000ab0                TIM8_UP_IRQHandler
                0x0000000008000ab0                DMA2_Channel2_IRQHandler
                0x0000000008000ab0                DMA1_Channel4_IRQHandler
                0x0000000008000ab0                SAI2_IRQHandler
                0x0000000008000ab0                DFSDM1_FLT3_IRQHandler
                0x0000000008000ab0                USART3_IRQHandler
                0x0000000008000ab0                DMA1_Channel7_IRQHandler
                0x0000000008000ab0                CAN1_RX1_IRQHandler
                0x0000000008000ab0                LCD_IRQHandler
                0x0000000008000ab0                UART5_IRQHandler
                0x0000000008000ab0                ADC3_IRQHandler
                0x0000000008000ab0                TIM4_IRQHandler
                0x0000000008000ab0                DMA2_Channel1_IRQHandler
                0x0000000008000ab0                QUADSPI_IRQHandler
                0x0000000008000ab0                I2C1_EV_IRQHandler
                0x0000000008000ab0                DMA1_Channel6_IRQHandler
                0x0000000008000ab0                UART4_IRQHandler
                0x0000000008000ab0                DMA2_Channel4_IRQHandler
                0x0000000008000ab0                TIM3_IRQHandler
                0x0000000008000ab0                RCC_IRQHandler
                0x0000000008000ab0                DMA1_Channel1_IRQHandler
                0x0000000008000ab0                Default_Handler
                0x0000000008000ab0                DMA2_Channel7_IRQHandler
                0x0000000008000ab0                EXTI15_10_IRQHandler
                0x0000000008000ab0                TIM7_IRQHandler
                0x0000000008000ab0                SDMMC1_IRQHandler
                0x0000000008000ab0                TIM5_IRQHandler
                0x0000000008000ab0                I2C3_EV_IRQHandler
                0x0000000008000ab0                RTC_WKUP_IRQHandler
                0x0000000008000ab0                PVD_PVM_IRQHandler
                0x0000000008000ab0                SPI2_IRQHandler
                0x0000000008000ab0                CAN1_TX_IRQHandler
                0x0000000008000ab0                DMA2_Channel5_IRQHandler
                0x0000000008000ab0                DMA1_Channel5_IRQHandler
                0x0000000008000ab0                EXTI4_IRQHandler
                0x0000000008000ab0                RNG_IRQHandler
                0x0000000008000ab0                TIM1_TRG_COM_TIM17_IRQHandler
                0x0000000008000ab0                DMA1_Channel3_IRQHandler
                0x0000000008000ab0                COMP_IRQHandler
                0x0000000008000ab0                WWDG_IRQHandler
                0x0000000008000ab0                LPUART1_IRQHandler
                0x0000000008000ab0                DMA2_Channel6_IRQHandler
                0x0000000008000ab0                TIM2_IRQHandler
                0x0000000008000ab0                EXTI1_IRQHandler
                0x0000000008000ab0                USART2_IRQHandler
                0x0000000008000ab0                DFSDM1_FLT0_IRQHandler
                0x0000000008000ab0                I2C2_ER_IRQHandler
                0x0000000008000ab0                DMA1_Channel2_IRQHandler
                0x0000000008000ab0                TIM8_BRK_IRQHandler
                0x0000000008000ab0                CAN1_SCE_IRQHandler
                0x0000000008000ab0                FLASH_IRQHandler
                0x0000000008000ab0                USART1_IRQHandler
                0x0000000008000ab0                OTG_FS_IRQHandler
                0x0000000008000ab0                SPI3_IRQHandler
                0x0000000008000ab0                I2C1_ER_IRQHandler
                0x0000000008000ab0                FMC_IRQHandler
                0x0000000008000ab0                SWPMI1_IRQHandler
                0x0000000008000ab0                LPTIM1_IRQHandler
                0x0000000008000ab0                SAI1_IRQHandler
                0x0000000008000ab0                DMA2_Channel3_IRQHandler
                0x0000000008000ab0                TIM1_BRK_TIM15_IRQHandler
 *fill*         0x0000000008000ab2        0x2 
 .text.set_counter_1_characteristic
                0x0000000008000ab4       0x34 Drivers/BLE/Src/BLE_Services/counter_service.o
                0x0000000008000ab4                set_counter_1_characteristic
 .text.send_counter_1
                0x0000000008000ae8      0x114 Drivers/BLE/Src/BLE_Services/counter_service.o
                0x0000000008000ae8                send_counter_1
 .text.send_counter_2
                0x0000000008000bfc       0x80 Drivers/BLE/Src/BLE_Services/counter_service.o
                0x0000000008000bfc                send_counter_2
 .text.add_counter_service
                0x0000000008000c7c       0xe8 Drivers/BLE/Src/BLE_Services/counter_service.o
                0x0000000008000c7c                add_counter_service
 .text.MX_BlueNRG_MS_Init
                0x0000000008000d64       0xec Drivers/BLE/Src/app_ble.o
                0x0000000008000d64                MX_BlueNRG_MS_Init
 .text.MX_BlueNRG_MS_Process
                0x0000000008000e50       0x3c Drivers/BLE/Src/app_ble.o
                0x0000000008000e50                MX_BlueNRG_MS_Process
 .text.set_connectable_status
                0x0000000008000e8c       0x18 Drivers/BLE/Src/app_ble.o
                0x0000000008000e8c                set_connectable_status
 .text.clear_connectable_status
                0x0000000008000ea4       0x18 Drivers/BLE/Src/app_ble.o
                0x0000000008000ea4                clear_connectable_status
 .text.establish_connection
                0x0000000008000ebc       0xa4 Drivers/BLE/Src/app_ble.o
 .text.meta_event_handler
                0x0000000008000f60       0x32 Drivers/BLE/Src/app_ble.o
                0x0000000008000f60                meta_event_handler
 .text.vendor_event_handler
                0x0000000008000f92       0x5a Drivers/BLE/Src/app_ble.o
                0x0000000008000f92                vendor_event_handler
 .text.event_user_notify
                0x0000000008000fec       0x5c Drivers/BLE/Src/app_ble.o
                0x0000000008000fec                event_user_notify
 .text.set_cb_functions
                0x0000000008001048       0x2c Drivers/BLE/Src/callbacks.o
                0x0000000008001048                set_cb_functions
 .text.is_connected
                0x0000000008001074       0x18 Drivers/BLE/Src/callbacks.o
                0x0000000008001074                is_connected
 .text.cb_on_gap_connection_complete
                0x000000000800108c       0x2c Drivers/BLE/Src/callbacks.o
                0x000000000800108c                cb_on_gap_connection_complete
 .text.cb_on_gap_disconnection_complete
                0x00000000080010b8       0x78 Drivers/BLE/Src/callbacks.o
                0x00000000080010b8                cb_on_gap_disconnection_complete
 .text.cb_on_read_request
                0x0000000008001130       0xe0 Drivers/BLE/Src/callbacks.o
                0x0000000008001130                cb_on_read_request
 .text.cb_on_attribute_modified
                0x0000000008001210      0x138 Drivers/BLE/Src/callbacks.o
                0x0000000008001210                cb_on_attribute_modified
 .text.send_notification
                0x0000000008001348       0xfc Drivers/BLE/Src/callbacks.o
                0x0000000008001348                send_notification
 .text.add_services
                0x0000000008001444       0x34 Drivers/BLE/Src/services.o
                0x0000000008001444                add_services
 .text.HAL_Init
                0x0000000008001478       0x30 Drivers/STM32L4xx_HAL_Driver/Src/stm32l4xx_hal.o
                0x0000000008001478                HAL_Init
 .text.HAL_InitTick
                0x00000000080014a8       0x78 Drivers/STM32L4xx_HAL_Driver/Src/stm32l4xx_hal.o
                0x00000000080014a8                HAL_InitTick
 .text.HAL_IncTick
                0x0000000008001520       0x28 Drivers/STM32L4xx_HAL_Driver/Src/stm32l4xx_hal.o
                0x0000000008001520                HAL_IncTick
 .text.HAL_GetTick
                0x0000000008001548       0x18 Drivers/STM32L4xx_HAL_Driver/Src/stm32l4xx_hal.o
                0x0000000008001548                HAL_GetTick
 .text.HAL_Delay
                0x0000000008001560       0x48 Drivers/STM32L4xx_HAL_Driver/Src/stm32l4xx_hal.o
                0x0000000008001560                HAL_Delay
 .text.__NVIC_SetPriorityGrouping
                0x00000000080015a8       0x48 Drivers/STM32L4xx_HAL_Driver/Src/stm32l4xx_hal_cortex.o
 .text.__NVIC_GetPriorityGrouping
                0x00000000080015f0       0x1c Drivers/STM32L4xx_HAL_Driver/Src/stm32l4xx_hal_cortex.o
 .text.__NVIC_EnableIRQ
                0x000000000800160c       0x3c Drivers/STM32L4xx_HAL_Driver/Src/stm32l4xx_hal_cortex.o
 .text.__NVIC_SetPriority
                0x0000000008001648       0x54 Drivers/STM32L4xx_HAL_Driver/Src/stm32l4xx_hal_cortex.o
 .text.NVIC_EncodePriority
                0x000000000800169c       0x66 Drivers/STM32L4xx_HAL_Driver/Src/stm32l4xx_hal_cortex.o
 *fill*         0x0000000008001702        0x2 
 .text.SysTick_Config
                0x0000000008001704       0x44 Drivers/STM32L4xx_HAL_Driver/Src/stm32l4xx_hal_cortex.o
 .text.HAL_NVIC_SetPriorityGrouping
                0x0000000008001748       0x16 Drivers/STM32L4xx_HAL_Driver/Src/stm32l4xx_hal_cortex.o
                0x0000000008001748                HAL_NVIC_SetPriorityGrouping
 .text.HAL_NVIC_SetPriority
                0x000000000800175e       0x38 Drivers/STM32L4xx_HAL_Driver/Src/stm32l4xx_hal_cortex.o
                0x000000000800175e                HAL_NVIC_SetPriority
 .text.HAL_NVIC_EnableIRQ
                0x0000000008001796       0x1c Drivers/STM32L4xx_HAL_Driver/Src/stm32l4xx_hal_cortex.o
                0x0000000008001796                HAL_NVIC_EnableIRQ
 .text.HAL_SYSTICK_Config
                0x00000000080017b2       0x18 Drivers/STM32L4xx_HAL_Driver/Src/stm32l4xx_hal_cortex.o
                0x00000000080017b2                HAL_SYSTICK_Config
 .text.HAL_EXTI_RegisterCallback
                0x00000000080017ca       0x34 Drivers/STM32L4xx_HAL_Driver/Src/stm32l4xx_hal_exti.o
                0x00000000080017ca                HAL_EXTI_RegisterCallback
 .text.HAL_EXTI_GetHandle
                0x00000000080017fe       0x28 Drivers/STM32L4xx_HAL_Driver/Src/stm32l4xx_hal_exti.o
                0x00000000080017fe                HAL_EXTI_GetHandle
 *fill*         0x0000000008001826        0x2 
 .text.HAL_EXTI_IRQHandler
                0x0000000008001828       0x60 Drivers/STM32L4xx_HAL_Driver/Src/stm32l4xx_hal_exti.o
                0x0000000008001828                HAL_EXTI_IRQHandler
 .text.HAL_GPIO_Init
                0x0000000008001888      0x354 Drivers/STM32L4xx_HAL_Driver/Src/stm32l4xx_hal_gpio.o
                0x0000000008001888                HAL_GPIO_Init
 .text.HAL_GPIO_DeInit
                0x0000000008001bdc      0x1e8 Drivers/STM32L4xx_HAL_Driver/Src/stm32l4xx_hal_gpio.o
                0x0000000008001bdc                HAL_GPIO_DeInit
 .text.HAL_GPIO_ReadPin
                0x0000000008001dc4       0x30 Drivers/STM32L4xx_HAL_Driver/Src/stm32l4xx_hal_gpio.o
                0x0000000008001dc4                HAL_GPIO_ReadPin
 .text.HAL_GPIO_WritePin
                0x0000000008001df4       0x30 Drivers/STM32L4xx_HAL_Driver/Src/stm32l4xx_hal_gpio.o
                0x0000000008001df4                HAL_GPIO_WritePin
 .text.HAL_PWREx_GetVoltageRange
                0x0000000008001e24       0x1c Drivers/STM32L4xx_HAL_Driver/Src/stm32l4xx_hal_pwr_ex.o
                0x0000000008001e24                HAL_PWREx_GetVoltageRange
 .text.HAL_PWREx_ControlVoltageScaling
                0x0000000008001e40       0xac Drivers/STM32L4xx_HAL_Driver/Src/stm32l4xx_hal_pwr_ex.o
                0x0000000008001e40                HAL_PWREx_ControlVoltageScaling
 .text.HAL_PWREx_EnableVddIO2
                0x0000000008001eec       0x20 Drivers/STM32L4xx_HAL_Driver/Src/stm32l4xx_hal_pwr_ex.o
                0x0000000008001eec                HAL_PWREx_EnableVddIO2
 .text.HAL_RCC_OscConfig
                0x0000000008001f0c      0x7cc Drivers/STM32L4xx_HAL_Driver/Src/stm32l4xx_hal_rcc.o
                0x0000000008001f0c                HAL_RCC_OscConfig
 .text.HAL_RCC_ClockConfig
                0x00000000080026d8      0x1c4 Drivers/STM32L4xx_HAL_Driver/Src/stm32l4xx_hal_rcc.o
                0x00000000080026d8                HAL_RCC_ClockConfig
 .text.HAL_RCC_GetSysClockFreq
                0x000000000800289c      0x118 Drivers/STM32L4xx_HAL_Driver/Src/stm32l4xx_hal_rcc.o
                0x000000000800289c                HAL_RCC_GetSysClockFreq
 .text.RCC_SetFlashLatencyFromMSIRange
                0x00000000080029b4       0xc0 Drivers/STM32L4xx_HAL_Driver/Src/stm32l4xx_hal_rcc.o
 .text.HAL_SPI_Init
                0x0000000008002a74      0x146 Drivers/STM32L4xx_HAL_Driver/Src/stm32l4xx_hal_spi.o
                0x0000000008002a74                HAL_SPI_Init
 .text.HAL_SPI_MspInit
                0x0000000008002bba       0x14 Drivers/STM32L4xx_HAL_Driver/Src/stm32l4xx_hal_spi.o
                0x0000000008002bba                HAL_SPI_MspInit
 .text.HAL_SPI_TransmitReceive
                0x0000000008002bce      0x426 Drivers/STM32L4xx_HAL_Driver/Src/stm32l4xx_hal_spi.o
                0x0000000008002bce                HAL_SPI_TransmitReceive
 .text.HAL_SPI_GetState
                0x0000000008002ff4       0x1c Drivers/STM32L4xx_HAL_Driver/Src/stm32l4xx_hal_spi.o
                0x0000000008002ff4                HAL_SPI_GetState
 .text.SPI_WaitFlagStateUntilTimeout
                0x0000000008003010      0x110 Drivers/STM32L4xx_HAL_Driver/Src/stm32l4xx_hal_spi.o
 .text.SPI_WaitFifoStateUntilTimeout
                0x0000000008003120      0x124 Drivers/STM32L4xx_HAL_Driver/Src/stm32l4xx_hal_spi.o
 .text.SPI_EndRxTxTransaction
                0x0000000008003244       0x8c Drivers/STM32L4xx_HAL_Driver/Src/stm32l4xx_hal_spi.o
 .text.aci_gap_init_IDB05A1
                0x00000000080032d0       0xa0 Middlewares/ST/BlueNRG-MS/hci/controller/bluenrg_gap_aci.o
                0x00000000080032d0                aci_gap_init_IDB05A1
 .text.aci_gap_set_discoverable
                0x0000000008003370      0x1de Middlewares/ST/BlueNRG-MS/hci/controller/bluenrg_gap_aci.o
                0x0000000008003370                aci_gap_set_discoverable
 .text.aci_gatt_init
                0x000000000800354e       0x46 Middlewares/ST/BlueNRG-MS/hci/controller/bluenrg_gatt_aci.o
                0x000000000800354e                aci_gatt_init
 .text.aci_gatt_add_serv
                0x0000000008003594      0x118 Middlewares/ST/BlueNRG-MS/hci/controller/bluenrg_gatt_aci.o
                0x0000000008003594                aci_gatt_add_serv
 .text.aci_gatt_add_char
                0x00000000080036ac      0x1a4 Middlewares/ST/BlueNRG-MS/hci/controller/bluenrg_gatt_aci.o
                0x00000000080036ac                aci_gatt_add_char
 .text.aci_gatt_update_char_value
                0x0000000008003850      0x124 Middlewares/ST/BlueNRG-MS/hci/controller/bluenrg_gatt_aci.o
                0x0000000008003850                aci_gatt_update_char_value
 .text.aci_gatt_allow_read
                0x0000000008003974       0x5a Middlewares/ST/BlueNRG-MS/hci/controller/bluenrg_gatt_aci.o
                0x0000000008003974                aci_gatt_allow_read
 .text.aci_hal_write_config_data
                0x00000000080039ce       0xce Middlewares/ST/BlueNRG-MS/hci/controller/bluenrg_hal_aci.o
                0x00000000080039ce                aci_hal_write_config_data
 .text.hci_reset
                0x0000000008003a9c       0x44 Middlewares/ST/BlueNRG-MS/hci/hci_le.o
                0x0000000008003a9c                hci_reset
 .text.hci_le_set_scan_resp_data
                0x0000000008003ae0       0x82 Middlewares/ST/BlueNRG-MS/hci/hci_le.o
                0x0000000008003ae0                hci_le_set_scan_resp_data
 .text.verify_packet
                0x0000000008003b62       0x40 Middlewares/ST/BlueNRG-MS/hci/hci_tl_patterns/Basic/hci_tl.o
 *fill*         0x0000000008003ba2        0x2 
 .text.send_cmd
                0x0000000008003ba4       0x80 Middlewares/ST/BlueNRG-MS/hci/hci_tl_patterns/Basic/hci_tl.o
 .text.move_list
                0x0000000008003c24       0x38 Middlewares/ST/BlueNRG-MS/hci/hci_tl_patterns/Basic/hci_tl.o
 .text.free_event_list
                0x0000000008003c5c       0x3c Middlewares/ST/BlueNRG-MS/hci/hci_tl_patterns/Basic/hci_tl.o
 .text.hci_init
                0x0000000008003c98       0x84 Middlewares/ST/BlueNRG-MS/hci/hci_tl_patterns/Basic/hci_tl.o
                0x0000000008003c98                hci_init
 .text.hci_register_io_bus
                0x0000000008003d1c       0x40 Middlewares/ST/BlueNRG-MS/hci/hci_tl_patterns/Basic/hci_tl.o
                0x0000000008003d1c                hci_register_io_bus
 .text.hci_send_req
                0x0000000008003d5c      0x234 Middlewares/ST/BlueNRG-MS/hci/hci_tl_patterns/Basic/hci_tl.o
                0x0000000008003d5c                hci_send_req
 .text.hci_user_evt_proc
                0x0000000008003f90       0x58 Middlewares/ST/BlueNRG-MS/hci/hci_tl_patterns/Basic/hci_tl.o
                0x0000000008003f90                hci_user_evt_proc
 .text.hci_notify_asynch_evt
                0x0000000008003fe8       0x9c Middlewares/ST/BlueNRG-MS/hci/hci_tl_patterns/Basic/hci_tl.o
                0x0000000008003fe8                hci_notify_asynch_evt
 .text.list_init_head
                0x0000000008004084       0x20 Middlewares/ST/BlueNRG-MS/utils/ble_list.o
                0x0000000008004084                list_init_head
 .text.list_is_empty
                0x00000000080040a4       0x44 Middlewares/ST/BlueNRG-MS/utils/ble_list.o
                0x00000000080040a4                list_is_empty
 .text.list_insert_head
                0x00000000080040e8       0x4c Middlewares/ST/BlueNRG-MS/utils/ble_list.o
                0x00000000080040e8                list_insert_head
 .text.list_insert_tail
                0x0000000008004134       0x4c Middlewares/ST/BlueNRG-MS/utils/ble_list.o
                0x0000000008004134                list_insert_tail
 .text.list_remove_node
                0x0000000008004180       0x42 Middlewares/ST/BlueNRG-MS/utils/ble_list.o
                0x0000000008004180                list_remove_node
 .text.list_remove_head
                0x00000000080041c2       0x4e Middlewares/ST/BlueNRG-MS/utils/ble_list.o
                0x00000000080041c2                list_remove_head
 .text.list_remove_tail
                0x0000000008004210       0x4e Middlewares/ST/BlueNRG-MS/utils/ble_list.o
                0x0000000008004210                list_remove_tail
 .text.list_get_size
                0x000000000800425e       0x50 Middlewares/ST/BlueNRG-MS/utils/ble_list.o
                0x000000000800425e                list_get_size
 *fill*         0x00000000080042ae        0x2 
 .text.__libc_init_array
                0x00000000080042b0       0x48 c:/st/stm32cubeide_1.6.0/stm32cubeide/plugins/com.st.stm32cube.ide.mcu.externaltools.gnu-tools-for-stm32.9-2020-q2-update.win32_1.5.0.202011040924/tools/bin/../lib/gcc/arm-none-eabi/9.3.1/../../../../arm-none-eabi/lib/thumb/v7e-m+fp/hard\libc_nano.a(lib_a-init.o)
                0x00000000080042b0                __libc_init_array
 .text.memcpy   0x00000000080042f8       0x1c c:/st/stm32cubeide_1.6.0/stm32cubeide/plugins/com.st.stm32cube.ide.mcu.externaltools.gnu-tools-for-stm32.9-2020-q2-update.win32_1.5.0.202011040924/tools/bin/../lib/gcc/arm-none-eabi/9.3.1/../../../../arm-none-eabi/lib/thumb/v7e-m+fp/hard\libc_nano.a(lib_a-memcpy-stub.o)
                0x00000000080042f8                memcpy
 .text.memset   0x0000000008004314       0x10 c:/st/stm32cubeide_1.6.0/stm32cubeide/plugins/com.st.stm32cube.ide.mcu.externaltools.gnu-tools-for-stm32.9-2020-q2-update.win32_1.5.0.202011040924/tools/bin/../lib/gcc/arm-none-eabi/9.3.1/../../../../arm-none-eabi/lib/thumb/v7e-m+fp/hard\libc_nano.a(lib_a-memset.o)
                0x0000000008004314                memset
 *(.glue_7)
 .glue_7        0x0000000008004324        0x0 linker stubs
 *(.glue_7t)
 .glue_7t       0x0000000008004324        0x0 linker stubs
 *(.eh_frame)
 .eh_frame      0x0000000008004324        0x0 c:/st/stm32cubeide_1.6.0/stm32cubeide/plugins/com.st.stm32cube.ide.mcu.externaltools.gnu-tools-for-stm32.9-2020-q2-update.win32_1.5.0.202011040924/tools/bin/../lib/gcc/arm-none-eabi/9.3.1/thumb/v7e-m+fp/hard/crtbegin.o
 *(.init)
 .init          0x0000000008004324        0x4 c:/st/stm32cubeide_1.6.0/stm32cubeide/plugins/com.st.stm32cube.ide.mcu.externaltools.gnu-tools-for-stm32.9-2020-q2-update.win32_1.5.0.202011040924/tools/bin/../lib/gcc/arm-none-eabi/9.3.1/thumb/v7e-m+fp/hard/crti.o
                0x0000000008004324                _init
 .init          0x0000000008004328        0x8 c:/st/stm32cubeide_1.6.0/stm32cubeide/plugins/com.st.stm32cube.ide.mcu.externaltools.gnu-tools-for-stm32.9-2020-q2-update.win32_1.5.0.202011040924/tools/bin/../lib/gcc/arm-none-eabi/9.3.1/thumb/v7e-m+fp/hard/crtn.o
 *(.fini)
 .fini          0x0000000008004330        0x4 c:/st/stm32cubeide_1.6.0/stm32cubeide/plugins/com.st.stm32cube.ide.mcu.externaltools.gnu-tools-for-stm32.9-2020-q2-update.win32_1.5.0.202011040924/tools/bin/../lib/gcc/arm-none-eabi/9.3.1/thumb/v7e-m+fp/hard/crti.o
                0x0000000008004330                _fini
 .fini          0x0000000008004334        0x8 c:/st/stm32cubeide_1.6.0/stm32cubeide/plugins/com.st.stm32cube.ide.mcu.externaltools.gnu-tools-for-stm32.9-2020-q2-update.win32_1.5.0.202011040924/tools/bin/../lib/gcc/arm-none-eabi/9.3.1/thumb/v7e-m+fp/hard/crtn.o
                0x000000000800433c                . = ALIGN (0x4)
                0x000000000800433c                _etext = .

.vfp11_veneer   0x000000000800433c        0x0
 .vfp11_veneer  0x000000000800433c        0x0 linker stubs

.v4_bx          0x000000000800433c        0x0
 .v4_bx         0x000000000800433c        0x0 linker stubs

.iplt           0x000000000800433c        0x0
 .iplt          0x000000000800433c        0x0 c:/st/stm32cubeide_1.6.0/stm32cubeide/plugins/com.st.stm32cube.ide.mcu.externaltools.gnu-tools-for-stm32.9-2020-q2-update.win32_1.5.0.202011040924/tools/bin/../lib/gcc/arm-none-eabi/9.3.1/thumb/v7e-m+fp/hard/crtbegin.o

.rodata         0x000000000800433c       0x98
                0x000000000800433c                . = ALIGN (0x4)
 *(.rodata)
 .rodata        0x000000000800433c        0xd BlueNRG_MS/Target/hci_tl_interface.o
 *fill*         0x0000000008004349        0x3 
 .rodata        0x000000000800434c       0x16 Drivers/BLE/Src/app_ble.o
 *(.rodata*)
 *fill*         0x0000000008004362        0x2 
 .rodata.AHBPrescTable
                0x0000000008004364       0x10 Core/Src/system_stm32l4xx.o
                0x0000000008004364                AHBPrescTable
 .rodata.MSIRangeTable
                0x0000000008004374       0x30 Core/Src/system_stm32l4xx.o
                0x0000000008004374                MSIRangeTable
 .rodata.counter_service_uuid
                0x00000000080043a4       0x10 Drivers/BLE/Src/BLE_Services/counter_service.o
                0x00000000080043a4                counter_service_uuid
 .rodata.counter_1_char_uuid
                0x00000000080043b4       0x10 Drivers/BLE/Src/BLE_Services/counter_service.o
                0x00000000080043b4                counter_1_char_uuid
 .rodata.counter_2_char_uuid
                0x00000000080043c4       0x10 Drivers/BLE/Src/BLE_Services/counter_service.o
                0x00000000080043c4                counter_2_char_uuid
                0x00000000080043d4                . = ALIGN (0x4)

.rel.dyn        0x00000000080043d4        0x0
 .rel.iplt      0x00000000080043d4        0x0 c:/st/stm32cubeide_1.6.0/stm32cubeide/plugins/com.st.stm32cube.ide.mcu.externaltools.gnu-tools-for-stm32.9-2020-q2-update.win32_1.5.0.202011040924/tools/bin/../lib/gcc/arm-none-eabi/9.3.1/thumb/v7e-m+fp/hard/crtbegin.o

.ARM.extab      0x00000000080043d4        0x0
                0x00000000080043d4                . = ALIGN (0x4)
 *(.ARM.extab* .gnu.linkonce.armextab.*)
                0x00000000080043d4                . = ALIGN (0x4)

.ARM            0x00000000080043d4        0x0
                0x00000000080043d4                . = ALIGN (0x4)
                0x00000000080043d4                __exidx_start = .
 *(.ARM.exidx*)
                0x00000000080043d4                __exidx_end = .
                0x00000000080043d4                . = ALIGN (0x4)

.preinit_array  0x00000000080043d4        0x0
                0x00000000080043d4                . = ALIGN (0x4)
                0x00000000080043d4                PROVIDE (__preinit_array_start = .)
 *(.preinit_array*)
                0x00000000080043d4                PROVIDE (__preinit_array_end = .)
                0x00000000080043d4                . = ALIGN (0x4)

.init_array     0x00000000080043d4        0x4
                0x00000000080043d4                . = ALIGN (0x4)
                0x00000000080043d4                PROVIDE (__init_array_start = .)
 *(SORT_BY_NAME(.init_array.*))
 *(.init_array*)
 .init_array    0x00000000080043d4        0x4 c:/st/stm32cubeide_1.6.0/stm32cubeide/plugins/com.st.stm32cube.ide.mcu.externaltools.gnu-tools-for-stm32.9-2020-q2-update.win32_1.5.0.202011040924/tools/bin/../lib/gcc/arm-none-eabi/9.3.1/thumb/v7e-m+fp/hard/crtbegin.o
                0x00000000080043d8                PROVIDE (__init_array_end = .)
                0x00000000080043d8                . = ALIGN (0x4)

.fini_array     0x00000000080043d8        0x4
                0x00000000080043d8                . = ALIGN (0x4)
                [!provide]                        PROVIDE (__fini_array_start = .)
 *(SORT_BY_NAME(.fini_array.*))
 *(.fini_array*)
 .fini_array    0x00000000080043d8        0x4 c:/st/stm32cubeide_1.6.0/stm32cubeide/plugins/com.st.stm32cube.ide.mcu.externaltools.gnu-tools-for-stm32.9-2020-q2-update.win32_1.5.0.202011040924/tools/bin/../lib/gcc/arm-none-eabi/9.3.1/thumb/v7e-m+fp/hard/crtbegin.o
                [!provide]                        PROVIDE (__fini_array_end = .)
                0x00000000080043dc                . = ALIGN (0x4)
                0x00000000080043dc                _sidata = LOADADDR (.data)

.data           0x0000000020000000       0x14 load address 0x00000000080043dc
                0x0000000020000000                . = ALIGN (0x4)
                0x0000000020000000                _sdata = .
 *(.data)
 *(.data*)
 .data.SystemCoreClock
                0x0000000020000000        0x4 Core/Src/system_stm32l4xx.o
                0x0000000020000000                SystemCoreClock
 .data.i        0x0000000020000004        0x4 Drivers/BLE/Src/BLE_Services/counter_service.o
 .data.connectable
                0x0000000020000008        0x1 Drivers/BLE/Src/app_ble.o
 *fill*         0x0000000020000009        0x3 
 .data.uwTickPrio
                0x000000002000000c        0x4 Drivers/STM32L4xx_HAL_Driver/Src/stm32l4xx_hal.o
                0x000000002000000c                uwTickPrio
 .data.uwTickFreq
                0x0000000020000010        0x1 Drivers/STM32L4xx_HAL_Driver/Src/stm32l4xx_hal.o
                0x0000000020000010                uwTickFreq
 *(.RamFunc)
 *(.RamFunc*)
                0x0000000020000014                . = ALIGN (0x4)
 *fill*         0x0000000020000011        0x3 
                0x0000000020000014                _edata = .

.igot.plt       0x0000000020000014        0x0 load address 0x00000000080043f0
 .igot.plt      0x0000000020000014        0x0 c:/st/stm32cubeide_1.6.0/stm32cubeide/plugins/com.st.stm32cube.ide.mcu.externaltools.gnu-tools-for-stm32.9-2020-q2-update.win32_1.5.0.202011040924/tools/bin/../lib/gcc/arm-none-eabi/9.3.1/thumb/v7e-m+fp/hard/crtbegin.o
                0x0000000020000014                . = ALIGN (0x4)

.bss            0x0000000020000014     0x2004 load address 0x00000000080043f0
                0x0000000020000014                _sbss = .
                0x0000000020000014                __bss_start__ = _sbss
 *(.bss)
 .bss           0x0000000020000014       0x1c c:/st/stm32cubeide_1.6.0/stm32cubeide/plugins/com.st.stm32cube.ide.mcu.externaltools.gnu-tools-for-stm32.9-2020-q2-update.win32_1.5.0.202011040924/tools/bin/../lib/gcc/arm-none-eabi/9.3.1/thumb/v7e-m+fp/hard/crtbegin.o
 *(.bss*)
 .bss.read_char_buf.8796
                0x0000000020000030       0xff BlueNRG_MS/Target/hci_tl_interface.o
 *fill*         0x000000002000012f        0x1 
 .bss.SPI1InitCounter
                0x0000000020000130        0x4 Core/Src/custom_bus.o
 .bss.counter_1_notification_pending
                0x0000000020000134        0x1 Drivers/BLE/Src/BLE_Services/counter_service.o
                0x0000000020000134                counter_1_notification_pending
 .bss.counter_2_notification_pending
                0x0000000020000135        0x1 Drivers/BLE/Src/BLE_Services/counter_service.o
                0x0000000020000135                counter_2_notification_pending
 *fill*         0x0000000020000136        0x2 
 .bss.counter_1
                0x0000000020000138        0x4 Drivers/BLE/Src/BLE_Services/counter_service.o
 .bss.counter_2
                0x000000002000013c        0x4 Drivers/BLE/Src/BLE_Services/counter_service.o
 .bss.counter   0x0000000020000140        0x4 Drivers/BLE/Src/BLE_Services/counter_service.o
 .bss.errors    0x0000000020000144      0x320 Drivers/BLE/Src/BLE_Services/counter_service.o
 .bss.timestamp
                0x0000000020000464     0x1770 Drivers/BLE/Src/BLE_Services/counter_service.o
 .bss.connected
                0x0000000020001bd4        0x1 Drivers/BLE/Src/callbacks.o
 *fill*         0x0000000020001bd5        0x1 
 .bss.connection_handle
                0x0000000020001bd6        0x2 Drivers/BLE/Src/callbacks.o
 .bss.local_service_callbacks
                0x0000000020001bd8        0x4 Drivers/BLE/Src/callbacks.o
 .bss.local_service_callbacks_length
                0x0000000020001bdc        0x1 Drivers/BLE/Src/callbacks.o
 *fill*         0x0000000020001bdd        0x3 
 .bss.hciReadPacketBuffer
                0x0000000020001be0      0x2bc Middlewares/ST/BlueNRG-MS/hci/hci_tl_patterns/Basic/hci_tl.o
 .bss.hciContext
                0x0000000020001e9c       0x20 Middlewares/ST/BlueNRG-MS/hci/hci_tl_patterns/Basic/hci_tl.o
 *(COMMON)
 COMMON         0x0000000020001ebc        0x8 BlueNRG_MS/Target/hci_tl_interface.o
                0x0000000020001ebc                hexti5
 COMMON         0x0000000020001ec4       0x64 Core/Src/custom_bus.o
                0x0000000020001ec4                hspi1
 COMMON         0x0000000020001f28       0xdc Drivers/BLE/Src/services.o
                0x0000000020001f28                service_callbacks
 COMMON         0x0000000020002004        0x4 Drivers/STM32L4xx_HAL_Driver/Src/stm32l4xx_hal.o
                0x0000000020002004                uwTick
 COMMON         0x0000000020002008       0x10 Middlewares/ST/BlueNRG-MS/hci/hci_tl_patterns/Basic/hci_tl.o
                0x0000000020002008                hciReadPktPool
                0x0000000020002010                hciReadPktRxQueue
                0x0000000020002018                . = ALIGN (0x4)
                0x0000000020002018                _ebss = .
                0x0000000020002018                __bss_end__ = _ebss

._user_heap_stack
                0x0000000020002018      0x600 load address 0x00000000080043f0
                0x0000000020002018                . = ALIGN (0x8)
                [!provide]                        PROVIDE (end = .)
                0x0000000020002018                PROVIDE (_end = .)
                0x0000000020002218                . = (. + _Min_Heap_Size)
 *fill*         0x0000000020002018      0x200 
                0x0000000020002618                . = (. + _Min_Stack_Size)
 *fill*         0x0000000020002218      0x400 
                0x0000000020002618                . = ALIGN (0x8)

/DISCARD/
 libc.a(*)
 libm.a(*)
 libgcc.a(*)

.ARM.attributes
                0x0000000000000000       0x30
 *(.ARM.attributes)
 .ARM.attributes
                0x0000000000000000       0x1e c:/st/stm32cubeide_1.6.0/stm32cubeide/plugins/com.st.stm32cube.ide.mcu.externaltools.gnu-tools-for-stm32.9-2020-q2-update.win32_1.5.0.202011040924/tools/bin/../lib/gcc/arm-none-eabi/9.3.1/thumb/v7e-m+fp/hard/crti.o
 .ARM.attributes
                0x000000000000001e       0x34 c:/st/stm32cubeide_1.6.0/stm32cubeide/plugins/com.st.stm32cube.ide.mcu.externaltools.gnu-tools-for-stm32.9-2020-q2-update.win32_1.5.0.202011040924/tools/bin/../lib/gcc/arm-none-eabi/9.3.1/thumb/v7e-m+fp/hard/crtbegin.o
 .ARM.attributes
                0x0000000000000052       0x34 BlueNRG_MS/Target/hci_tl_interface.o
 .ARM.attributes
                0x0000000000000086       0x34 Core/Src/custom_bus.o
 .ARM.attributes
                0x00000000000000ba       0x34 Core/Src/main.o
 .ARM.attributes
                0x00000000000000ee       0x34 Core/Src/stm32l4xx_hal_msp.o
 .ARM.attributes
                0x0000000000000122       0x34 Core/Src/stm32l4xx_it.o
 .ARM.attributes
                0x0000000000000156       0x34 Core/Src/system_stm32l4xx.o
 .ARM.attributes
                0x000000000000018a       0x21 Core/Startup/startup_stm32l476jgyx.o
 .ARM.attributes
                0x00000000000001ab       0x34 Drivers/BLE/Src/BLE_Services/counter_service.o
 .ARM.attributes
                0x00000000000001df       0x34 Drivers/BLE/Src/app_ble.o
 .ARM.attributes
                0x0000000000000213       0x34 Drivers/BLE/Src/callbacks.o
 .ARM.attributes
                0x0000000000000247       0x34 Drivers/BLE/Src/services.o
 .ARM.attributes
                0x000000000000027b       0x34 Drivers/STM32L4xx_HAL_Driver/Src/stm32l4xx_hal.o
 .ARM.attributes
                0x00000000000002af       0x34 Drivers/STM32L4xx_HAL_Driver/Src/stm32l4xx_hal_cortex.o
 .ARM.attributes
                0x00000000000002e3       0x34 Drivers/STM32L4xx_HAL_Driver/Src/stm32l4xx_hal_exti.o
 .ARM.attributes
                0x0000000000000317       0x34 Drivers/STM32L4xx_HAL_Driver/Src/stm32l4xx_hal_gpio.o
 .ARM.attributes
                0x000000000000034b       0x34 Drivers/STM32L4xx_HAL_Driver/Src/stm32l4xx_hal_pwr_ex.o
 .ARM.attributes
                0x000000000000037f       0x34 Drivers/STM32L4xx_HAL_Driver/Src/stm32l4xx_hal_rcc.o
 .ARM.attributes
                0x00000000000003b3       0x34 Drivers/STM32L4xx_HAL_Driver/Src/stm32l4xx_hal_spi.o
 .ARM.attributes
                0x00000000000003e7       0x34 Middlewares/ST/BlueNRG-MS/hci/controller/bluenrg_gap_aci.o
 .ARM.attributes
                0x000000000000041b       0x34 Middlewares/ST/BlueNRG-MS/hci/controller/bluenrg_gatt_aci.o
 .ARM.attributes
                0x000000000000044f       0x34 Middlewares/ST/BlueNRG-MS/hci/controller/bluenrg_hal_aci.o
 .ARM.attributes
                0x0000000000000483       0x34 Middlewares/ST/BlueNRG-MS/hci/hci_le.o
 .ARM.attributes
                0x00000000000004b7       0x34 Middlewares/ST/BlueNRG-MS/hci/hci_tl_patterns/Basic/hci_tl.o
 .ARM.attributes
                0x00000000000004eb       0x34 Middlewares/ST/BlueNRG-MS/utils/ble_list.o
 .ARM.attributes
                0x000000000000051f       0x34 c:/st/stm32cubeide_1.6.0/stm32cubeide/plugins/com.st.stm32cube.ide.mcu.externaltools.gnu-tools-for-stm32.9-2020-q2-update.win32_1.5.0.202011040924/tools/bin/../lib/gcc/arm-none-eabi/9.3.1/../../../../arm-none-eabi/lib/thumb/v7e-m+fp/hard\libc_nano.a(lib_a-init.o)
 .ARM.attributes
                0x0000000000000553       0x34 c:/st/stm32cubeide_1.6.0/stm32cubeide/plugins/com.st.stm32cube.ide.mcu.externaltools.gnu-tools-for-stm32.9-2020-q2-update.win32_1.5.0.202011040924/tools/bin/../lib/gcc/arm-none-eabi/9.3.1/../../../../arm-none-eabi/lib/thumb/v7e-m+fp/hard\libc_nano.a(lib_a-memcpy-stub.o)
 .ARM.attributes
                0x0000000000000587       0x34 c:/st/stm32cubeide_1.6.0/stm32cubeide/plugins/com.st.stm32cube.ide.mcu.externaltools.gnu-tools-for-stm32.9-2020-q2-update.win32_1.5.0.202011040924/tools/bin/../lib/gcc/arm-none-eabi/9.3.1/../../../../arm-none-eabi/lib/thumb/v7e-m+fp/hard\libc_nano.a(lib_a-memset.o)
 .ARM.attributes
                0x00000000000005bb       0x17 c:/st/stm32cubeide_1.6.0/stm32cubeide/plugins/com.st.stm32cube.ide.mcu.externaltools.gnu-tools-for-stm32.9-2020-q2-update.win32_1.5.0.202011040924/tools/bin/../lib/gcc/arm-none-eabi/9.3.1/../../../../arm-none-eabi/lib/thumb/v7e-m+fp/hard\libc_nano.a(lib_a-strlen.o)
 .ARM.attributes
                0x00000000000005d2       0x1e c:/st/stm32cubeide_1.6.0/stm32cubeide/plugins/com.st.stm32cube.ide.mcu.externaltools.gnu-tools-for-stm32.9-2020-q2-update.win32_1.5.0.202011040924/tools/bin/../lib/gcc/arm-none-eabi/9.3.1/thumb/v7e-m+fp/hard/crtn.o
OUTPUT(BLE_Test_Silvano.elf elf32-littlearm)
LOAD linker stubs
LOAD c:/st/stm32cubeide_1.6.0/stm32cubeide/plugins/com.st.stm32cube.ide.mcu.externaltools.gnu-tools-for-stm32.9-2020-q2-update.win32_1.5.0.202011040924/tools/bin/../lib/gcc/arm-none-eabi/9.3.1/../../../../arm-none-eabi/lib/thumb/v7e-m+fp/hard\libc.a
LOAD c:/st/stm32cubeide_1.6.0/stm32cubeide/plugins/com.st.stm32cube.ide.mcu.externaltools.gnu-tools-for-stm32.9-2020-q2-update.win32_1.5.0.202011040924/tools/bin/../lib/gcc/arm-none-eabi/9.3.1/../../../../arm-none-eabi/lib/thumb/v7e-m+fp/hard\libm.a
LOAD c:/st/stm32cubeide_1.6.0/stm32cubeide/plugins/com.st.stm32cube.ide.mcu.externaltools.gnu-tools-for-stm32.9-2020-q2-update.win32_1.5.0.202011040924/tools/bin/../lib/gcc/arm-none-eabi/9.3.1/thumb/v7e-m+fp/hard\libgcc.a

.debug_info     0x0000000000000000    0x1ac71
 .debug_info    0x0000000000000000     0x1916 BlueNRG_MS/Target/hci_tl_interface.o
 .debug_info    0x0000000000001916      0xd6d Core/Src/custom_bus.o
 .debug_info    0x0000000000002683     0x1085 Core/Src/main.o
 .debug_info    0x0000000000003708      0xa60 Core/Src/stm32l4xx_hal_msp.o
 .debug_info    0x0000000000004168      0x8a0 Core/Src/stm32l4xx_it.o
 .debug_info    0x0000000000004a08      0x779 Core/Src/system_stm32l4xx.o
 .debug_info    0x0000000000005181       0x22 Core/Startup/startup_stm32l476jgyx.o
 .debug_info    0x00000000000051a3      0xef9 Drivers/BLE/Src/BLE_Services/counter_service.o
 .debug_info    0x000000000000609c     0x154a Drivers/BLE/Src/app_ble.o
 .debug_info    0x00000000000075e6      0x3ba Drivers/BLE/Src/callbacks.o
 .debug_info    0x00000000000079a0      0x1f5 Drivers/BLE/Src/services.o
 .debug_info    0x0000000000007b95      0xcb9 Drivers/STM32L4xx_HAL_Driver/Src/stm32l4xx_hal.o
 .debug_info    0x000000000000884e     0x102e Drivers/STM32L4xx_HAL_Driver/Src/stm32l4xx_hal_cortex.o
 .debug_info    0x000000000000987c      0x903 Drivers/STM32L4xx_HAL_Driver/Src/stm32l4xx_hal_exti.o
 .debug_info    0x000000000000a17f      0xa5f Drivers/STM32L4xx_HAL_Driver/Src/stm32l4xx_hal_gpio.o
 .debug_info    0x000000000000abde      0xbda Drivers/STM32L4xx_HAL_Driver/Src/stm32l4xx_hal_pwr_ex.o
 .debug_info    0x000000000000b7b8      0xe0b Drivers/STM32L4xx_HAL_Driver/Src/stm32l4xx_hal_rcc.o
 .debug_info    0x000000000000c5c3     0x18f8 Drivers/STM32L4xx_HAL_Driver/Src/stm32l4xx_hal_spi.o
 .debug_info    0x000000000000debb     0x32f8 Middlewares/ST/BlueNRG-MS/hci/controller/bluenrg_gap_aci.o
 .debug_info    0x00000000000111b3     0x3476 Middlewares/ST/BlueNRG-MS/hci/controller/bluenrg_gatt_aci.o
 .debug_info    0x0000000000014629     0x166e Middlewares/ST/BlueNRG-MS/hci/controller/bluenrg_hal_aci.o
 .debug_info    0x0000000000015c97     0x2617 Middlewares/ST/BlueNRG-MS/hci/hci_le.o
 .debug_info    0x00000000000182ae     0x17a9 Middlewares/ST/BlueNRG-MS/hci/hci_tl_patterns/Basic/hci_tl.o
 .debug_info    0x0000000000019a57     0x121a Middlewares/ST/BlueNRG-MS/utils/ble_list.o

.debug_abbrev   0x0000000000000000     0x318f
 .debug_abbrev  0x0000000000000000      0x2af BlueNRG_MS/Target/hci_tl_interface.o
 .debug_abbrev  0x00000000000002af      0x257 Core/Src/custom_bus.o
 .debug_abbrev  0x0000000000000506      0x218 Core/Src/main.o
 .debug_abbrev  0x000000000000071e      0x186 Core/Src/stm32l4xx_hal_msp.o
 .debug_abbrev  0x00000000000008a4      0x17b Core/Src/stm32l4xx_it.o
 .debug_abbrev  0x0000000000000a1f      0x165 Core/Src/system_stm32l4xx.o
 .debug_abbrev  0x0000000000000b84       0x12 Core/Startup/startup_stm32l476jgyx.o
 .debug_abbrev  0x0000000000000b96      0x265 Drivers/BLE/Src/BLE_Services/counter_service.o
 .debug_abbrev  0x0000000000000dfb      0x275 Drivers/BLE/Src/app_ble.o
 .debug_abbrev  0x0000000000001070      0x12f Drivers/BLE/Src/callbacks.o
 .debug_abbrev  0x000000000000119f       0xc9 Drivers/BLE/Src/services.o
 .debug_abbrev  0x0000000000001268      0x227 Drivers/STM32L4xx_HAL_Driver/Src/stm32l4xx_hal.o
 .debug_abbrev  0x000000000000148f      0x33c Drivers/STM32L4xx_HAL_Driver/Src/stm32l4xx_hal_cortex.o
 .debug_abbrev  0x00000000000017cb      0x1c4 Drivers/STM32L4xx_HAL_Driver/Src/stm32l4xx_hal_exti.o
 .debug_abbrev  0x000000000000198f      0x1e8 Drivers/STM32L4xx_HAL_Driver/Src/stm32l4xx_hal_gpio.o
 .debug_abbrev  0x0000000000001b77      0x1f3 Drivers/STM32L4xx_HAL_Driver/Src/stm32l4xx_hal_pwr_ex.o
 .debug_abbrev  0x0000000000001d6a      0x275 Drivers/STM32L4xx_HAL_Driver/Src/stm32l4xx_hal_rcc.o
 .debug_abbrev  0x0000000000001fdf      0x254 Drivers/STM32L4xx_HAL_Driver/Src/stm32l4xx_hal_spi.o
 .debug_abbrev  0x0000000000002233      0x26a Middlewares/ST/BlueNRG-MS/hci/controller/bluenrg_gap_aci.o
 .debug_abbrev  0x000000000000249d      0x26f Middlewares/ST/BlueNRG-MS/hci/controller/bluenrg_gatt_aci.o
 .debug_abbrev  0x000000000000270c      0x233 Middlewares/ST/BlueNRG-MS/hci/controller/bluenrg_hal_aci.o
 .debug_abbrev  0x000000000000293f      0x27b Middlewares/ST/BlueNRG-MS/hci/hci_le.o
 .debug_abbrev  0x0000000000002bba      0x322 Middlewares/ST/BlueNRG-MS/hci/hci_tl_patterns/Basic/hci_tl.o
 .debug_abbrev  0x0000000000002edc      0x2b3 Middlewares/ST/BlueNRG-MS/utils/ble_list.o

.debug_aranges  0x0000000000000000      0xeb8
 .debug_aranges
                0x0000000000000000       0x58 BlueNRG_MS/Target/hci_tl_interface.o
 .debug_aranges
                0x0000000000000058       0x60 Core/Src/custom_bus.o
 .debug_aranges
                0x00000000000000b8       0x40 Core/Src/main.o
 .debug_aranges
                0x00000000000000f8       0x20 Core/Src/stm32l4xx_hal_msp.o
 .debug_aranges
                0x0000000000000118       0x68 Core/Src/stm32l4xx_it.o
 .debug_aranges
                0x0000000000000180       0x28 Core/Src/system_stm32l4xx.o
 .debug_aranges
                0x00000000000001a8       0x28 Core/Startup/startup_stm32l476jgyx.o
 .debug_aranges
                0x00000000000001d0       0x40 Drivers/BLE/Src/BLE_Services/counter_service.o
 .debug_aranges
                0x0000000000000210       0x58 Drivers/BLE/Src/app_ble.o
 .debug_aranges
                0x0000000000000268       0x50 Drivers/BLE/Src/callbacks.o
 .debug_aranges
                0x00000000000002b8       0x20 Drivers/BLE/Src/services.o
 .debug_aranges
                0x00000000000002d8      0x130 Drivers/STM32L4xx_HAL_Driver/Src/stm32l4xx_hal.o
 .debug_aranges
                0x0000000000000408      0x118 Drivers/STM32L4xx_HAL_Driver/Src/stm32l4xx_hal_cortex.o
 .debug_aranges
                0x0000000000000520       0x60 Drivers/STM32L4xx_HAL_Driver/Src/stm32l4xx_hal_exti.o
 .debug_aranges
                0x0000000000000580       0x58 Drivers/STM32L4xx_HAL_Driver/Src/stm32l4xx_hal_gpio.o
 .debug_aranges
                0x00000000000005d8      0x150 Drivers/STM32L4xx_HAL_Driver/Src/stm32l4xx_hal_pwr_ex.o
 .debug_aranges
                0x0000000000000728       0x88 Drivers/STM32L4xx_HAL_Driver/Src/stm32l4xx_hal_rcc.o
 .debug_aranges
                0x00000000000007b0      0x1d8 Drivers/STM32L4xx_HAL_Driver/Src/stm32l4xx_hal_spi.o
 .debug_aranges
                0x0000000000000988      0x168 Middlewares/ST/BlueNRG-MS/hci/controller/bluenrg_gap_aci.o
 .debug_aranges
                0x0000000000000af0      0x178 Middlewares/ST/BlueNRG-MS/hci/controller/bluenrg_gatt_aci.o
 .debug_aranges
                0x0000000000000c68       0x68 Middlewares/ST/BlueNRG-MS/hci/controller/bluenrg_hal_aci.o
 .debug_aranges
                0x0000000000000cd0      0x110 Middlewares/ST/BlueNRG-MS/hci/hci_le.o
 .debug_aranges
                0x0000000000000de0       0x60 Middlewares/ST/BlueNRG-MS/hci/hci_tl_patterns/Basic/hci_tl.o
 .debug_aranges
                0x0000000000000e40       0x78 Middlewares/ST/BlueNRG-MS/utils/ble_list.o

.debug_ranges   0x0000000000000000      0xd58
 .debug_ranges  0x0000000000000000       0x48 BlueNRG_MS/Target/hci_tl_interface.o
 .debug_ranges  0x0000000000000048       0x50 Core/Src/custom_bus.o
 .debug_ranges  0x0000000000000098       0x30 Core/Src/main.o
 .debug_ranges  0x00000000000000c8       0x10 Core/Src/stm32l4xx_hal_msp.o
 .debug_ranges  0x00000000000000d8       0x58 Core/Src/stm32l4xx_it.o
 .debug_ranges  0x0000000000000130       0x18 Core/Src/system_stm32l4xx.o
 .debug_ranges  0x0000000000000148       0x20 Core/Startup/startup_stm32l476jgyx.o
 .debug_ranges  0x0000000000000168       0x30 Drivers/BLE/Src/BLE_Services/counter_service.o
 .debug_ranges  0x0000000000000198       0x48 Drivers/BLE/Src/app_ble.o
 .debug_ranges  0x00000000000001e0       0x40 Drivers/BLE/Src/callbacks.o
 .debug_ranges  0x0000000000000220       0x10 Drivers/BLE/Src/services.o
 .debug_ranges  0x0000000000000230      0x120 Drivers/STM32L4xx_HAL_Driver/Src/stm32l4xx_hal.o
 .debug_ranges  0x0000000000000350      0x108 Drivers/STM32L4xx_HAL_Driver/Src/stm32l4xx_hal_cortex.o
 .debug_ranges  0x0000000000000458       0x50 Drivers/STM32L4xx_HAL_Driver/Src/stm32l4xx_hal_exti.o
 .debug_ranges  0x00000000000004a8       0x48 Drivers/STM32L4xx_HAL_Driver/Src/stm32l4xx_hal_gpio.o
 .debug_ranges  0x00000000000004f0      0x140 Drivers/STM32L4xx_HAL_Driver/Src/stm32l4xx_hal_pwr_ex.o
 .debug_ranges  0x0000000000000630       0x78 Drivers/STM32L4xx_HAL_Driver/Src/stm32l4xx_hal_rcc.o
 .debug_ranges  0x00000000000006a8      0x1c8 Drivers/STM32L4xx_HAL_Driver/Src/stm32l4xx_hal_spi.o
 .debug_ranges  0x0000000000000870      0x158 Middlewares/ST/BlueNRG-MS/hci/controller/bluenrg_gap_aci.o
 .debug_ranges  0x00000000000009c8      0x168 Middlewares/ST/BlueNRG-MS/hci/controller/bluenrg_gatt_aci.o
 .debug_ranges  0x0000000000000b30       0x58 Middlewares/ST/BlueNRG-MS/hci/controller/bluenrg_hal_aci.o
 .debug_ranges  0x0000000000000b88      0x100 Middlewares/ST/BlueNRG-MS/hci/hci_le.o
 .debug_ranges  0x0000000000000c88       0x68 Middlewares/ST/BlueNRG-MS/hci/hci_tl_patterns/Basic/hci_tl.o
 .debug_ranges  0x0000000000000cf0       0x68 Middlewares/ST/BlueNRG-MS/utils/ble_list.o

.debug_macro    0x0000000000000000    0x292ae
 .debug_macro   0x0000000000000000      0x311 BlueNRG_MS/Target/hci_tl_interface.o
 .debug_macro   0x0000000000000311      0xaa8 BlueNRG_MS/Target/hci_tl_interface.o
 .debug_macro   0x0000000000000db9       0x16 BlueNRG_MS/Target/hci_tl_interface.o
 .debug_macro   0x0000000000000dcf      0x1a7 BlueNRG_MS/Target/hci_tl_interface.o
 .debug_macro   0x0000000000000f76       0x2e BlueNRG_MS/Target/hci_tl_interface.o
 .debug_macro   0x0000000000000fa4       0x28 BlueNRG_MS/Target/hci_tl_interface.o
 .debug_macro   0x0000000000000fcc       0x22 BlueNRG_MS/Target/hci_tl_interface.o
 .debug_macro   0x0000000000000fee       0x8e BlueNRG_MS/Target/hci_tl_interface.o
 .debug_macro   0x000000000000107c       0x51 BlueNRG_MS/Target/hci_tl_interface.o
 .debug_macro   0x00000000000010cd      0x103 BlueNRG_MS/Target/hci_tl_interface.o
 .debug_macro   0x00000000000011d0       0x6a BlueNRG_MS/Target/hci_tl_interface.o
 .debug_macro   0x000000000000123a      0x1df BlueNRG_MS/Target/hci_tl_interface.o
 .debug_macro   0x0000000000001419       0x1c BlueNRG_MS/Target/hci_tl_interface.o
 .debug_macro   0x0000000000001435       0x22 BlueNRG_MS/Target/hci_tl_interface.o
 .debug_macro   0x0000000000001457      0x101 BlueNRG_MS/Target/hci_tl_interface.o
 .debug_macro   0x0000000000001558     0x1011 BlueNRG_MS/Target/hci_tl_interface.o
 .debug_macro   0x0000000000002569      0x11f BlueNRG_MS/Target/hci_tl_interface.o
 .debug_macro   0x0000000000002688    0x1a13d BlueNRG_MS/Target/hci_tl_interface.o
 .debug_macro   0x000000000001c7c5       0x43 BlueNRG_MS/Target/hci_tl_interface.o
 .debug_macro   0x000000000001c808     0x3897 BlueNRG_MS/Target/hci_tl_interface.o
 .debug_macro   0x000000000002009f      0x174 BlueNRG_MS/Target/hci_tl_interface.o
 .debug_macro   0x0000000000020213       0x5c BlueNRG_MS/Target/hci_tl_interface.o
 .debug_macro   0x000000000002026f     0x155f BlueNRG_MS/Target/hci_tl_interface.o
 .debug_macro   0x00000000000217ce      0x59e BlueNRG_MS/Target/hci_tl_interface.o
 .debug_macro   0x0000000000021d6c      0x13d BlueNRG_MS/Target/hci_tl_interface.o
 .debug_macro   0x0000000000021ea9      0x18b BlueNRG_MS/Target/hci_tl_interface.o
 .debug_macro   0x0000000000022034      0x26b BlueNRG_MS/Target/hci_tl_interface.o
 .debug_macro   0x000000000002229f      0x23d BlueNRG_MS/Target/hci_tl_interface.o
 .debug_macro   0x00000000000224dc      0x241 BlueNRG_MS/Target/hci_tl_interface.o
 .debug_macro   0x000000000002271d      0x37c BlueNRG_MS/Target/hci_tl_interface.o
 .debug_macro   0x0000000000022a99       0xd6 BlueNRG_MS/Target/hci_tl_interface.o
 .debug_macro   0x0000000000022b6f      0x22c BlueNRG_MS/Target/hci_tl_interface.o
 .debug_macro   0x0000000000022d9b       0x61 BlueNRG_MS/Target/hci_tl_interface.o
 .debug_macro   0x0000000000022dfc       0xa5 BlueNRG_MS/Target/hci_tl_interface.o
 .debug_macro   0x0000000000022ea1      0x122 BlueNRG_MS/Target/hci_tl_interface.o
 .debug_macro   0x0000000000022fc3      0x3e9 BlueNRG_MS/Target/hci_tl_interface.o
 .debug_macro   0x00000000000233ac      0x2fe BlueNRG_MS/Target/hci_tl_interface.o
 .debug_macro   0x00000000000236aa      0x331 BlueNRG_MS/Target/hci_tl_interface.o
 .debug_macro   0x00000000000239db       0x28 BlueNRG_MS/Target/hci_tl_interface.o
 .debug_macro   0x0000000000023a03       0x82 BlueNRG_MS/Target/hci_tl_interface.o
 .debug_macro   0x0000000000023a85       0x6a BlueNRG_MS/Target/hci_tl_interface.o
 .debug_macro   0x0000000000023aef       0x40 BlueNRG_MS/Target/hci_tl_interface.o
 .debug_macro   0x0000000000023b2f       0x52 BlueNRG_MS/Target/hci_tl_interface.o
 .debug_macro   0x0000000000023b81       0x52 BlueNRG_MS/Target/hci_tl_interface.o
 .debug_macro   0x0000000000023bd3       0x18 BlueNRG_MS/Target/hci_tl_interface.o
 .debug_macro   0x0000000000023beb       0x3c BlueNRG_MS/Target/hci_tl_interface.o
 .debug_macro   0x0000000000023c27       0x34 BlueNRG_MS/Target/hci_tl_interface.o
 .debug_macro   0x0000000000023c5b       0x16 BlueNRG_MS/Target/hci_tl_interface.o
 .debug_macro   0x0000000000023c71       0x43 BlueNRG_MS/Target/hci_tl_interface.o
 .debug_macro   0x0000000000023cb4       0x34 BlueNRG_MS/Target/hci_tl_interface.o
 .debug_macro   0x0000000000023ce8       0x10 BlueNRG_MS/Target/hci_tl_interface.o
 .debug_macro   0x0000000000023cf8       0x58 BlueNRG_MS/Target/hci_tl_interface.o
 .debug_macro   0x0000000000023d50       0x71 BlueNRG_MS/Target/hci_tl_interface.o
 .debug_macro   0x0000000000023dc1       0x1c BlueNRG_MS/Target/hci_tl_interface.o
 .debug_macro   0x0000000000023ddd      0x12a BlueNRG_MS/Target/hci_tl_interface.o
 .debug_macro   0x0000000000023f07      0x333 BlueNRG_MS/Target/hci_tl_interface.o
 .debug_macro   0x000000000002423a       0x10 BlueNRG_MS/Target/hci_tl_interface.o
 .debug_macro   0x000000000002424a       0x35 BlueNRG_MS/Target/hci_tl_interface.o
 .debug_macro   0x000000000002427f       0x20 BlueNRG_MS/Target/hci_tl_interface.o
 .debug_macro   0x000000000002429f       0x88 BlueNRG_MS/Target/hci_tl_interface.o
 .debug_macro   0x0000000000024327      0x1ed Core/Src/custom_bus.o
 .debug_macro   0x0000000000024514      0x23f Core/Src/main.o
 .debug_macro   0x0000000000024753       0x52 Core/Src/main.o
 .debug_macro   0x00000000000247a5      0x174 Core/Src/main.o
 .debug_macro   0x0000000000024919       0x1c Core/Src/main.o
 .debug_macro   0x0000000000024935       0x56 Core/Src/main.o
 .debug_macro   0x000000000002498b       0x2e Core/Src/main.o
 .debug_macro   0x00000000000249b9       0x5e Core/Src/main.o
 .debug_macro   0x0000000000024a17       0x22 Core/Src/main.o
 .debug_macro   0x0000000000024a39      0x205 Core/Src/stm32l4xx_hal_msp.o
 .debug_macro   0x0000000000024c3e      0x20f Core/Src/stm32l4xx_it.o
 .debug_macro   0x0000000000024e4d      0x1c6 Core/Src/system_stm32l4xx.o
 .debug_macro   0x0000000000025013      0x2f6 Drivers/BLE/Src/BLE_Services/counter_service.o
 .debug_macro   0x0000000000025309      0x16e Drivers/BLE/Src/BLE_Services/counter_service.o
 .debug_macro   0x0000000000025477       0xa5 Drivers/BLE/Src/BLE_Services/counter_service.o
 .debug_macro   0x000000000002551c      0x3b5 Drivers/BLE/Src/app_ble.o
 .debug_macro   0x00000000000258d1       0x1c Drivers/BLE/Src/app_ble.o
 .debug_macro   0x00000000000258ed       0x9b Drivers/BLE/Src/app_ble.o
 .debug_macro   0x0000000000025988       0x1c Drivers/BLE/Src/app_ble.o
 .debug_macro   0x00000000000259a4      0x37f Drivers/BLE/Src/app_ble.o
 .debug_macro   0x0000000000025d23      0x174 Drivers/BLE/Src/app_ble.o
 .debug_macro   0x0000000000025e97      0x4bd Drivers/BLE/Src/app_ble.o
 .debug_macro   0x0000000000026354      0x1b4 Drivers/BLE/Src/app_ble.o
 .debug_macro   0x0000000000026508       0x50 Drivers/BLE/Src/app_ble.o
 .debug_macro   0x0000000000026558       0xab Drivers/BLE/Src/app_ble.o
 .debug_macro   0x0000000000026603      0x264 Drivers/BLE/Src/app_ble.o
 .debug_macro   0x0000000000026867      0x172 Drivers/BLE/Src/app_ble.o
 .debug_macro   0x00000000000269d9       0xc5 Drivers/BLE/Src/callbacks.o
 .debug_macro   0x0000000000026a9e       0x9e Drivers/BLE/Src/services.o
 .debug_macro   0x0000000000026b3c      0x214 Drivers/STM32L4xx_HAL_Driver/Src/stm32l4xx_hal.o
 .debug_macro   0x0000000000026d50      0x1c6 Drivers/STM32L4xx_HAL_Driver/Src/stm32l4xx_hal_cortex.o
 .debug_macro   0x0000000000026f16      0x1d2 Drivers/STM32L4xx_HAL_Driver/Src/stm32l4xx_hal_exti.o
 .debug_macro   0x00000000000270e8      0x205 Drivers/STM32L4xx_HAL_Driver/Src/stm32l4xx_hal_gpio.o
 .debug_macro   0x00000000000272ed      0x1ea Drivers/STM32L4xx_HAL_Driver/Src/stm32l4xx_hal_pwr_ex.o
 .debug_macro   0x00000000000274d7      0x208 Drivers/STM32L4xx_HAL_Driver/Src/stm32l4xx_hal_rcc.o
 .debug_macro   0x00000000000276df      0x1ce Drivers/STM32L4xx_HAL_Driver/Src/stm32l4xx_hal_spi.o
 .debug_macro   0x00000000000278ad      0x382 Middlewares/ST/BlueNRG-MS/hci/controller/bluenrg_gap_aci.o
 .debug_macro   0x0000000000027c2f      0x382 Middlewares/ST/BlueNRG-MS/hci/controller/bluenrg_gatt_aci.o
 .debug_macro   0x0000000000027fb1      0x382 Middlewares/ST/BlueNRG-MS/hci/controller/bluenrg_hal_aci.o
 .debug_macro   0x0000000000028333      0x34f Middlewares/ST/BlueNRG-MS/hci/hci_le.o
 .debug_macro   0x0000000000028682      0x17a Middlewares/ST/BlueNRG-MS/hci/hci_le.o
 .debug_macro   0x00000000000287fc      0x16c Middlewares/ST/BlueNRG-MS/hci/hci_le.o
 .debug_macro   0x0000000000028968      0x368 Middlewares/ST/BlueNRG-MS/hci/hci_tl_patterns/Basic/hci_tl.o
 .debug_macro   0x0000000000028cd0      0x339 Middlewares/ST/BlueNRG-MS/utils/ble_list.o
 .debug_macro   0x0000000000029009       0x16 Middlewares/ST/BlueNRG-MS/utils/ble_list.o
 .debug_macro   0x000000000002901f       0x97 Middlewares/ST/BlueNRG-MS/utils/ble_list.o
 .debug_macro   0x00000000000290b6       0xfd Middlewares/ST/BlueNRG-MS/utils/ble_list.o
 .debug_macro   0x00000000000291b3       0xfb Middlewares/ST/BlueNRG-MS/utils/ble_list.o

.debug_line     0x0000000000000000    0x12135
 .debug_line    0x0000000000000000      0xacb BlueNRG_MS/Target/hci_tl_interface.o
 .debug_line    0x0000000000000acb      0x877 Core/Src/custom_bus.o
 .debug_line    0x0000000000001342      0x8d6 Core/Src/main.o
 .debug_line    0x0000000000001c18      0x724 Core/Src/stm32l4xx_hal_msp.o
 .debug_line    0x000000000000233c      0x7fe Core/Src/stm32l4xx_it.o
 .debug_line    0x0000000000002b3a      0x776 Core/Src/system_stm32l4xx.o
 .debug_line    0x00000000000032b0       0x87 Core/Startup/startup_stm32l476jgyx.o
 .debug_line    0x0000000000003337      0xa40 Drivers/BLE/Src/BLE_Services/counter_service.o
 .debug_line    0x0000000000003d77      0xbed Drivers/BLE/Src/app_ble.o
 .debug_line    0x0000000000004964      0x689 Drivers/BLE/Src/callbacks.o
 .debug_line    0x0000000000004fed      0x452 Drivers/BLE/Src/services.o
 .debug_line    0x000000000000543f      0xab5 Drivers/STM32L4xx_HAL_Driver/Src/stm32l4xx_hal.o
 .debug_line    0x0000000000005ef4      0xc5c Drivers/STM32L4xx_HAL_Driver/Src/stm32l4xx_hal_cortex.o
 .debug_line    0x0000000000006b50      0xa37 Drivers/STM32L4xx_HAL_Driver/Src/stm32l4xx_hal_exti.o
 .debug_line    0x0000000000007587      0xb2f Drivers/STM32L4xx_HAL_Driver/Src/stm32l4xx_hal_gpio.o
 .debug_line    0x00000000000080b6      0xc71 Drivers/STM32L4xx_HAL_Driver/Src/stm32l4xx_hal_pwr_ex.o
 .debug_line    0x0000000000008d27      0xef9 Drivers/STM32L4xx_HAL_Driver/Src/stm32l4xx_hal_rcc.o
 .debug_line    0x0000000000009c20     0x1ede Drivers/STM32L4xx_HAL_Driver/Src/stm32l4xx_hal_spi.o
 .debug_line    0x000000000000bafe     0x16e6 Middlewares/ST/BlueNRG-MS/hci/controller/bluenrg_gap_aci.o
 .debug_line    0x000000000000d1e4     0x1801 Middlewares/ST/BlueNRG-MS/hci/controller/bluenrg_gatt_aci.o
 .debug_line    0x000000000000e9e5      0xca9 Middlewares/ST/BlueNRG-MS/hci/controller/bluenrg_hal_aci.o
 .debug_line    0x000000000000f68e     0x11b5 Middlewares/ST/BlueNRG-MS/hci/hci_le.o
 .debug_line    0x0000000000010843      0xc61 Middlewares/ST/BlueNRG-MS/hci/hci_tl_patterns/Basic/hci_tl.o
 .debug_line    0x00000000000114a4      0xc91 Middlewares/ST/BlueNRG-MS/utils/ble_list.o

.debug_str      0x0000000000000000    0xef32a
 .debug_str     0x0000000000000000    0xe3bea BlueNRG_MS/Target/hci_tl_interface.o
                                      0xe408d (size before relaxing)
 .debug_str     0x00000000000e3bea      0x107 Core/Src/custom_bus.o
                                      0xe04ca (size before relaxing)
 .debug_str     0x00000000000e3cf1      0xbba Core/Src/main.o
                                      0xe168b (size before relaxing)
 .debug_str     0x00000000000e48ab       0x2c Core/Src/stm32l4xx_hal_msp.o
                                      0xe0642 (size before relaxing)
 .debug_str     0x00000000000e48d7       0xd0 Core/Src/stm32l4xx_it.o
                                      0xe0596 (size before relaxing)
 .debug_str     0x00000000000e49a7       0xb8 Core/Src/system_stm32l4xx.o
                                      0xdfa79 (size before relaxing)
 .debug_str     0x00000000000e4a5f       0x36 Core/Startup/startup_stm32l476jgyx.o
                                         0x83 (size before relaxing)
 .debug_str     0x00000000000e4a95      0xcaf Drivers/BLE/Src/BLE_Services/counter_service.o
                                      0xe41ed (size before relaxing)
 .debug_str     0x00000000000e5744     0x47b9 Drivers/BLE/Src/app_ble.o
                                      0xe9361 (size before relaxing)
 .debug_str     0x00000000000e9efd      0x140 Drivers/BLE/Src/callbacks.o
                                       0x52d6 (size before relaxing)
 .debug_str     0x00000000000ea03d       0x2b Drivers/BLE/Src/services.o
                                       0x4703 (size before relaxing)
 .debug_str     0x00000000000ea068      0x5a4 Drivers/STM32L4xx_HAL_Driver/Src/stm32l4xx_hal.o
                                      0xe0578 (size before relaxing)
 .debug_str     0x00000000000ea60c      0x389 Drivers/STM32L4xx_HAL_Driver/Src/stm32l4xx_hal_cortex.o
                                      0xe02e8 (size before relaxing)
 .debug_str     0x00000000000ea995      0x209 Drivers/STM32L4xx_HAL_Driver/Src/stm32l4xx_hal_exti.o
                                      0xdfb7e (size before relaxing)
 .debug_str     0x00000000000eab9e      0x1f4 Drivers/STM32L4xx_HAL_Driver/Src/stm32l4xx_hal_gpio.o
                                      0xdfd13 (size before relaxing)
 .debug_str     0x00000000000ead92      0x4b4 Drivers/STM32L4xx_HAL_Driver/Src/stm32l4xx_hal_pwr_ex.o
                                      0xdffaf (size before relaxing)
 .debug_str     0x00000000000eb246      0x3ad Drivers/STM32L4xx_HAL_Driver/Src/stm32l4xx_hal_rcc.o
                                      0xe0056 (size before relaxing)
 .debug_str     0x00000000000eb5f3      0x59d Drivers/STM32L4xx_HAL_Driver/Src/stm32l4xx_hal_spi.o
                                      0xe0247 (size before relaxing)
 .debug_str     0x00000000000ebb90      0xdef Middlewares/ST/BlueNRG-MS/hci/controller/bluenrg_gap_aci.o
                                      0xe8bf3 (size before relaxing)
 .debug_str     0x00000000000ec97f      0xc6f Middlewares/ST/BlueNRG-MS/hci/controller/bluenrg_gatt_aci.o
                                      0xe8c6b (size before relaxing)
 .debug_str     0x00000000000ed5ee      0x248 Middlewares/ST/BlueNRG-MS/hci/controller/bluenrg_hal_aci.o
                                      0xe8617 (size before relaxing)
 .debug_str     0x00000000000ed836      0x7ac Middlewares/ST/BlueNRG-MS/hci/hci_le.o
                                      0xe63b3 (size before relaxing)
 .debug_str     0x00000000000edfe2      0x29c Middlewares/ST/BlueNRG-MS/hci/hci_tl_patterns/Basic/hci_tl.o
                                      0xe5491 (size before relaxing)
 .debug_str     0x00000000000ee27e     0x10ac Middlewares/ST/BlueNRG-MS/utils/ble_list.o
                                      0xe3af1 (size before relaxing)

.comment        0x0000000000000000       0x53
 .comment       0x0000000000000000       0x53 BlueNRG_MS/Target/hci_tl_interface.o
                                         0x54 (size before relaxing)
 .comment       0x0000000000000053       0x54 Core/Src/custom_bus.o
 .comment       0x0000000000000053       0x54 Core/Src/main.o
 .comment       0x0000000000000053       0x54 Core/Src/stm32l4xx_hal_msp.o
 .comment       0x0000000000000053       0x54 Core/Src/stm32l4xx_it.o
 .comment       0x0000000000000053       0x54 Core/Src/system_stm32l4xx.o
 .comment       0x0000000000000053       0x54 Drivers/BLE/Src/BLE_Services/counter_service.o
 .comment       0x0000000000000053       0x54 Drivers/BLE/Src/app_ble.o
 .comment       0x0000000000000053       0x54 Drivers/BLE/Src/callbacks.o
 .comment       0x0000000000000053       0x54 Drivers/BLE/Src/services.o
 .comment       0x0000000000000053       0x54 Drivers/STM32L4xx_HAL_Driver/Src/stm32l4xx_hal.o
 .comment       0x0000000000000053       0x54 Drivers/STM32L4xx_HAL_Driver/Src/stm32l4xx_hal_cortex.o
 .comment       0x0000000000000053       0x54 Drivers/STM32L4xx_HAL_Driver/Src/stm32l4xx_hal_exti.o
 .comment       0x0000000000000053       0x54 Drivers/STM32L4xx_HAL_Driver/Src/stm32l4xx_hal_gpio.o
 .comment       0x0000000000000053       0x54 Drivers/STM32L4xx_HAL_Driver/Src/stm32l4xx_hal_pwr_ex.o
 .comment       0x0000000000000053       0x54 Drivers/STM32L4xx_HAL_Driver/Src/stm32l4xx_hal_rcc.o
 .comment       0x0000000000000053       0x54 Drivers/STM32L4xx_HAL_Driver/Src/stm32l4xx_hal_spi.o
 .comment       0x0000000000000053       0x54 Middlewares/ST/BlueNRG-MS/hci/controller/bluenrg_gap_aci.o
 .comment       0x0000000000000053       0x54 Middlewares/ST/BlueNRG-MS/hci/controller/bluenrg_gatt_aci.o
 .comment       0x0000000000000053       0x54 Middlewares/ST/BlueNRG-MS/hci/controller/bluenrg_hal_aci.o
 .comment       0x0000000000000053       0x54 Middlewares/ST/BlueNRG-MS/hci/hci_le.o
 .comment       0x0000000000000053       0x54 Middlewares/ST/BlueNRG-MS/hci/hci_tl_patterns/Basic/hci_tl.o
 .comment       0x0000000000000053       0x54 Middlewares/ST/BlueNRG-MS/utils/ble_list.o

.debug_frame    0x0000000000000000     0x3a0c
 .debug_frame   0x0000000000000000      0x110 BlueNRG_MS/Target/hci_tl_interface.o
 .debug_frame   0x0000000000000110      0x14c Core/Src/custom_bus.o
 .debug_frame   0x000000000000025c       0xb8 Core/Src/main.o
 .debug_frame   0x0000000000000314       0x38 Core/Src/stm32l4xx_hal_msp.o
 .debug_frame   0x000000000000034c      0x120 Core/Src/stm32l4xx_it.o
 .debug_frame   0x000000000000046c       0x58 Core/Src/system_stm32l4xx.o
 .debug_frame   0x00000000000004c4       0xd4 Drivers/BLE/Src/BLE_Services/counter_service.o
 .debug_frame   0x0000000000000598      0x134 Drivers/BLE/Src/app_ble.o
 .debug_frame   0x00000000000006cc      0x10c Drivers/BLE/Src/callbacks.o
 .debug_frame   0x00000000000007d8       0x34 Drivers/BLE/Src/services.o
 .debug_frame   0x000000000000080c      0x498 Drivers/STM32L4xx_HAL_Driver/Src/stm32l4xx_hal.o
 .debug_frame   0x0000000000000ca4      0x498 Drivers/STM32L4xx_HAL_Driver/Src/stm32l4xx_hal_cortex.o
 .debug_frame   0x000000000000113c      0x174 Drivers/STM32L4xx_HAL_Driver/Src/stm32l4xx_hal_exti.o
 .debug_frame   0x00000000000012b0      0x14c Drivers/STM32L4xx_HAL_Driver/Src/stm32l4xx_hal_gpio.o
 .debug_frame   0x00000000000013fc      0x544 Drivers/STM32L4xx_HAL_Driver/Src/stm32l4xx_hal_pwr_ex.o
 .debug_frame   0x0000000000001940      0x1f4 Drivers/STM32L4xx_HAL_Driver/Src/stm32l4xx_hal_rcc.o
 .debug_frame   0x0000000000001b34      0x860 Drivers/STM32L4xx_HAL_Driver/Src/stm32l4xx_hal_spi.o
 .debug_frame   0x0000000000002394      0x630 Middlewares/ST/BlueNRG-MS/hci/controller/bluenrg_gap_aci.o
 .debug_frame   0x00000000000029c4      0x68c Middlewares/ST/BlueNRG-MS/hci/controller/bluenrg_gatt_aci.o
 .debug_frame   0x0000000000003050      0x180 Middlewares/ST/BlueNRG-MS/hci/controller/bluenrg_hal_aci.o
 .debug_frame   0x00000000000031d0      0x480 Middlewares/ST/BlueNRG-MS/hci/hci_le.o
 .debug_frame   0x0000000000003650      0x160 Middlewares/ST/BlueNRG-MS/hci/hci_tl_patterns/Basic/hci_tl.o
 .debug_frame   0x00000000000037b0      0x1e8 Middlewares/ST/BlueNRG-MS/utils/ble_list.o
 .debug_frame   0x0000000000003998       0x2c c:/st/stm32cubeide_1.6.0/stm32cubeide/plugins/com.st.stm32cube.ide.mcu.externaltools.gnu-tools-for-stm32.9-2020-q2-update.win32_1.5.0.202011040924/tools/bin/../lib/gcc/arm-none-eabi/9.3.1/../../../../arm-none-eabi/lib/thumb/v7e-m+fp/hard\libc_nano.a(lib_a-init.o)
 .debug_frame   0x00000000000039c4       0x28 c:/st/stm32cubeide_1.6.0/stm32cubeide/plugins/com.st.stm32cube.ide.mcu.externaltools.gnu-tools-for-stm32.9-2020-q2-update.win32_1.5.0.202011040924/tools/bin/../lib/gcc/arm-none-eabi/9.3.1/../../../../arm-none-eabi/lib/thumb/v7e-m+fp/hard\libc_nano.a(lib_a-memcpy-stub.o)
 .debug_frame   0x00000000000039ec       0x20 c:/st/stm32cubeide_1.6.0/stm32cubeide/plugins/com.st.stm32cube.ide.mcu.externaltools.gnu-tools-for-stm32.9-2020-q2-update.win32_1.5.0.202011040924/tools/bin/../lib/gcc/arm-none-eabi/9.3.1/../../../../arm-none-eabi/lib/thumb/v7e-m+fp/hard\libc_nano.a(lib_a-memset.o)
